not visible
not visible
not visible
not visible
not visible
not visible
not visible
not visible
not visible
not visible
not visible
not visible
not visible
not visible
not visible
not visible
not visible
not visible
not visible
not visible
not visible
not visible
not visible
not visible
not visible
not visible
not visible
not visible
not visible
not visible
not visible
not visible
not visible
not visible
not visible
not visible
not visible
not visible
not visible
not visible
not visible
not visible
not visible
not visible
not visible
not visible
not visible
not visible
not visible
not visible
not visible
not visible
not visible
not visible
not visible
not visible
not visible
not visible
not visible
not visible
not visible
not visible
not visible
not visible
not visible
not visible
not visible
not visible
not visible
not visible
not visible
not visible
not visible
not visible
not visible
not visible
not visible
not visible
not visible
not visible
not visible
not visible
not visible
not visible
not visible
not visible
not visible
not visible
not visible
not visible
not visible
not visible
not visible
not visible
not visible
not visible
not visible
not visible
not visible
not visible
not visible
not visible
not visible
not visible
not visible
not visible
not visible
not visible
not visible
not visible
not visible
not visible
not visible
not visible
not visible
not visible
not visible
not visible
not visible
not visible
not visible
not visible
not visible
not visible
not visible
not visible
not visible
not visible
not visible
not visible
not visible
not visible
not visible
not visible
not visible
not visible
not visible
not visible
not visible
not visible
not visible
not visible
not visible
not visible
not visible
not visible
not visible
not visible
not visible
not visible
not visible
not visible
not visible
not visible
not visible
not visible
not visible
not visible
not visible
not visible
not visible
not visible
not visible
not visible
not visible
not visible
not visible
not visible
not visible
not visible
not visible
not visible
not visible
not visible
not visible
not visible
not visible
not visible
not visible
not visible
not visible
not visible
not visible
not visible
not visible
not visible
not visible
not visible
not visible
not visible
not visible
not visible
not visible
not visible
not visible
not visible
not visible
not visible
not visible
not visible
not visible
not visible
not visible
not visible
not visible
not visible
not visible
not visible
not visible
not visible
not visible
not visible
not visible
not visible
not visible
not visible
not visible
not visible
not visible
not visible
not visible
not visible
not visible
not visible
not visible
not visible
not visible
not visible
not visible
not visible
not visible
not visible
not visible
not visible
not visible
not visible
not visible
not visible
not visible
not visible
not visible
not visible
not visible
not visible
not visible
not visible
not visible
not visible
not visible
not visible
not visible
not visible
not visible
not visible
not visible
not visible
not visible
not visible
not visible
not visible
not visible
not visible
not visible
not visible
not visible
not visible
not visible
not visible
not visible
not visible
not visible
not visible
not visible
not visible
not visible
not visible
not visible
not visible
not visible
not visible
not visible
not visible
not visible
not visible
not visible
not visible
not visible
not visible
not visible
not visible
not visible
not visible
not visible
not visible
not visible
not visible
not visible
not visible
not visible
not visible
not visible
not visible
not visible
not visible
not visible
not visible
not visible
not visible
not visible
not visible
not visible
not visible
not visible
not visible
not visible
not visible
not visible
not visible
not visible
not visible
not visible
not visible
not visible
not visible
not visible
not visible
not visible
not visible
not visible
not visible
not visible
not visible
not visible
not visible
not visible
not visible
not visible
not visible
not visible
not visible
not visible
not visible
not visible
not visible
not visible
not visible
not visible
not visible
not visible
not visible
not visible
not visible
not visible
not visible
not visible
not visible
not visible
not visible
not visible
not visible
not visible
not visible
not visible
not visible
not visible
not visible
not visible
not visible
not visible
not visible
not visible
not visible
not visible
not visible
not visible
not visible
not visible
not visible
not visible
not visible
not visible
not visible
not visible
not visible
not visible
not visible
not visible
not visible
not visible
not visible
not visible
not visible
not visible
not visible
not visible
not visible
not visible
not visible
not visible
not visible
not visible
not visible
not visible
not visible
not visible
not visible
not visible
not visible
not visible
not visible
not visible
not visible
not visible
not visible
not visible
not visible
not visible
not visible
not visible
not visible
not visible
not visible
not visible
not visible
not visible
not visible
not visible
not visible
not visible
not visible
not visible
not visible
not visible
not visible
not visible
not visible
not visible
not visible
not visible
not visible
not visible
not visible
not visible
not visible
not visible
not visible
not visible
not visible
not visible
not visible
not visible
not visible
not visible
not visible
not visible
not visible
not visible
not visible
not visible
not visible
not visible
not visible
not visible
not visible
not visible
not visible
not visible
not visible
not visible
not visible
not visible
not visible
not visible
not visible
not visible
not visible
not visible
not visible
not visible
not visible
not visible
not visible
not visible
not visible
not visible
not visible
not visible
not visible
not visible
not visible
not visible
not visible
not visible
not visible
not visible
not visible
not visible
not visible
not visible
not visible
not visible
not visible
not visible
not visible
not visible
not visible
not visible
not visible
not visible
not visible
not visible
not visible
not visible
not visible
not visible
not visible
not visible
not visible
not visible
not visible
not visible
not visible
not visible
not visible
not visible
not visible
not visible
not visible
not visible
not visible
not visible
not visible
not visible
not visible
not visible
not visible
not visible
not visible
not visible
not visible
not visible
not visible
not visible
not visible
not visible
not visible
not visible
not visible
not visible
not visible
not visible
not visible
not visible
not visible
not visible
not visible
not visible
not visible
not visible
not visible
not visible
not visible
not visible
not visible
not visible
not visible
not visible
not visible
not visible
not visible
not visible
not visible
not visible
not visible
not visible
not visible
not visible
not visible
not visible
not visible
not visible
not visible
not visible
not visible
not visible
not visible
not visible
not visible
not visible
not visible
not visible
not visible
not visible
not visible
not visible
not visible
not visible
not visible
not visible
not visible
not visible
not visible
not visible
not visible
not visible
not visible
not visible
not visible
not visible
not visible
not visible
not visible
not visible
not visible
not visible
not visible
not visible
not visible
not visible
not visible
not visible
not visible
not visible
not visible
not visible
not visible
not visible
not visible
not visible
not visible
not visible
not visible
not visible
not visible
not visible
not visible
not visible
not visible
not visible
not visible
not visible
not visible
not visible
not visible
not visible
not visible
not visible
not visible
not visible
not visible
not visible
not visible
not visible
not visible
not visible
not visible
not visible
not visible
not visible
not visible
not visible
not visible
not visible
not visible
not visible
not visible
not visible
not visible
not visible
not visible
not visible
not visible
not visible
not visible
not visible
not visible
not visible
not visible
not visible
not visible
not visible
not visible
not visible
not visible
not visible
not visible
not visible
not visible
not visible
not visible
not visible
not visible
not visible
not visible
not visible
not visible
not visible
not visible
not visible
not visible
not visible
not visible
not visible
not visible
not visible
not visible
not visible
not visible
not visible
not visible
not visible
not visible
not visible
not visible
not visible
not visible
not visible
not visible
not visible
not visible
not visible
not visible
not visible
not visible
not visible
not visible
not visible
not visible
not visible
not visible
not visible
not visible
not visible
not visible
not visible
not visible
not visible
not visible
not visible
not visible
not visible
not visible
not visible
not visible
not visible
not visible
not visible
not visible
not visible
not visible
not visible
not visible
not visible
not visible
not visible
not visible
not visible
not visible
not visible
not visible
not visible
not visible
not visible
not visible
not visible
not visible
not visible
not visible
not visible
not visible
not visible
not visible
not visible
not visible
not visible
not visible
not visible
not visible
not visible
not visible
not visible
not visible
not visible
not visible
not visible
not visible
not visible
not visible
not visible
not visible
not visible
not visible
not visible
not visible
not visible
not visible
not visible
not visible
not visible
not visible
not visible
not visible
not visible
not visible
not visible
not visible
not visible
not visible
not visible
not visible
not visible
not visible
not visible
not visible
not visible
not visible
not visible
not visible
not visible
not visible
not visible
not visible
not visible
not visible
not visible
not visible
not visible
not visible
not visible
not visible
not visible
not visible
not visible
not visible
not visible
not visible
not visible
not visible
not visible
not visible
not visible
not visible
not visible
not visible
not visible
not visible
not visible
not visible
not visible
not visible
not visible
not visible
not visible
not visible
not visible
not visible
not visible
not visible
not visible
not visible
not visible
not visible
not visible
not visible
not visible
not visible
not visible
not visible
not visible
not visible
not visible
not visible
not visible
not visible
not visible
not visible
not visible
not visible
not visible
not visible
not visible
not visible
not visible
not visible
not visible
not visible
not visible
not visible
not visible
not visible
not visible
not visible
not visible
not visible
not visible
not visible
not visible
not visible
not visible
not visible
not visible
not visible
not visible
not visible
not visible
not visible
not visible
not visible
not visible
not visible
not visible
not visible
not visible
not visible
not visible
not visible
not visible
not visible
not visible
not visible
not visible
not visible
not visible
not visible
not visible
not visible
not visible
not visible
not visible
not visible
not visible
not visible
not visible
not visible
not visible
not visible
not visible
not visible
not visible
not visible
not visible
not visible
not visible
not visible
not visible
not visible
not visible
not visible
not visible
not visible
not visible
not visible
not visible
not visible
not visible
not visible
not visible
not visible
not visible
not visible
not visible
not visible
not visible
not visible
not visible
not visible
not visible
not visible
not visible
not visible
not visible
not visible
not visible
not visible
not visible
not visible
not visible
not visible
not visible
not visible
not visible
not visible
not visible
not visible
not visible
not visible
not visible
not visible
not visible
not visible
not visible
not visible
not visible
not visible
not visible
not visible
not visible
not visible
not visible
not visible
