not visible
not visible
not visible
not visible
not visible
not visible
not visible
not visible
not visible
not visible
not visible
not visible
not visible
not visible
not visible
not visible
not visible
not visible
not visible
not visible
not visible
not visible
not visible
not visible
not visible
not visible
not visible
not visible
not visible
not visible
not visible
not visible
not visible
not visible
not visible
not visible
not visible
not visible
not visible
not visible
not visible
not visible
not visible
not visible
not visible
not visible
not visible
not visible
not visible
not visible
not visible
not visible
not visible
not visible
not visible
not visible
not visible
not visible
not visible
not visible
not visible
not visible
not visible
not visible
not visible
not visible
not visible
not visible
not visible
not visible
not visible
not visible
not visible
not visible
not visible
not visible
not visible
not visible
not visible
not visible
not visible
not visible
not visible
not visible
not visible
not visible
not visible
not visible
not visible
not visible
not visible
not visible
not visible
not visible
not visible
not visible
not visible
not visible
not visible
not visible
not visible
not visible
not visible
not visible
not visible
not visible
not visible
not visible
not visible
not visible
not visible
not visible
not visible
not visible
not visible
not visible
visible
not visible
not visible
not visible
not visible
not visible
not visible
not visible
not visible
not visible
not visible
not visible
not visible
not visible
not visible
not visible
not visible
not visible
not visible
not visible
not visible
not visible
not visible
not visible
not visible
not visible
not visible
not visible
not visible
not visible
not visible
not visible
not visible
not visible
not visible
not visible
not visible
not visible
not visible
not visible
not visible
not visible
not visible
not visible
not visible
not visible
not visible
not visible
not visible
not visible
not visible
not visible
not visible
not visible
not visible
not visible
not visible
not visible
not visible
not visible
not visible
not visible
not visible
not visible
not visible
not visible
not visible
not visible
not visible
not visible
not visible
not visible
not visible
not visible
visible
not visible
not visible
not visible
not visible
not visible
not visible
not visible
not visible
not visible
not visible
not visible
not visible
not visible
not visible
not visible
not visible
not visible
not visible
not visible
not visible
not visible
not visible
not visible
not visible
not visible
not visible
not visible
not visible
not visible
not visible
not visible
not visible
not visible
not visible
not visible
not visible
not visible
not visible
not visible
not visible
not visible
not visible
not visible
not visible
not visible
not visible
not visible
not visible
not visible
not visible
not visible
not visible
not visible
not visible
not visible
visible
not visible
not visible
visible
not visible
not visible
not visible
not visible
not visible
not visible
not visible
not visible
not visible
not visible
not visible
not visible
not visible
not visible
not visible
not visible
not visible
not visible
not visible
not visible
not visible
not visible
not visible
not visible
not visible
visible
not visible
not visible
not visible
not visible
not visible
not visible
not visible
not visible
not visible
not visible
not visible
not visible
not visible
not visible
not visible
not visible
not visible
not visible
not visible
not visible
not visible
not visible
not visible
not visible
not visible
not visible
not visible
not visible
not visible
not visible
not visible
not visible
not visible
not visible
not visible
not visible
not visible
not visible
not visible
not visible
not visible
not visible
not visible
not visible
not visible
not visible
not visible
not visible
not visible
not visible
not visible
not visible
not visible
not visible
not visible
not visible
not visible
not visible
not visible
not visible
not visible
not visible
not visible
not visible
not visible
not visible
not visible
not visible
not visible
not visible
not visible
not visible
not visible
not visible
not visible
not visible
not visible
not visible
not visible
not visible
not visible
not visible
not visible
not visible
not visible
not visible
not visible
not visible
not visible
not visible
not visible
not visible
not visible
not visible
not visible
not visible
not visible
not visible
not visible
not visible
not visible
not visible
not visible
not visible
not visible
not visible
not visible
not visible
visible
not visible
not visible
not visible
not visible
not visible
not visible
not visible
not visible
not visible
not visible
not visible
not visible
not visible
not visible
not visible
not visible
not visible
not visible
not visible
not visible
not visible
not visible
not visible
not visible
not visible
not visible
not visible
not visible
not visible
not visible
not visible
not visible
not visible
not visible
not visible
not visible
not visible
not visible
not visible
not visible
not visible
not visible
not visible
not visible
not visible
not visible
not visible
not visible
not visible
not visible
not visible
not visible
not visible
not visible
not visible
not visible
not visible
not visible
not visible
not visible
not visible
not visible
not visible
not visible
not visible
not visible
not visible
not visible
not visible
not visible
not visible
not visible
not visible
not visible
not visible
not visible
not visible
not visible
not visible
not visible
not visible
not visible
not visible
not visible
not visible
not visible
not visible
not visible
not visible
not visible
not visible
not visible
not visible
not visible
not visible
not visible
not visible
not visible
not visible
not visible
not visible
not visible
not visible
not visible
not visible
not visible
not visible
not visible
not visible
not visible
not visible
not visible
not visible
not visible
not visible
not visible
not visible
not visible
not visible
not visible
not visible
not visible
not visible
not visible
not visible
not visible
not visible
visible
not visible
not visible
not visible
not visible
not visible
not visible
not visible
not visible
not visible
not visible
not visible
not visible
not visible
not visible
not visible
not visible
not visible
not visible
not visible
not visible
not visible
not visible
not visible
not visible
not visible
not visible
not visible
not visible
not visible
not visible
not visible
not visible
not visible
not visible
not visible
not visible
not visible
not visible
not visible
not visible
not visible
not visible
not visible
not visible
not visible
not visible
not visible
not visible
not visible
not visible
not visible
not visible
not visible
not visible
not visible
not visible
not visible
not visible
not visible
not visible
not visible
not visible
not visible
not visible
not visible
not visible
not visible
not visible
not visible
not visible
not visible
not visible
not visible
not visible
not visible
not visible
not visible
not visible
not visible
not visible
not visible
not visible
not visible
not visible
visible
not visible
not visible
not visible
not visible
not visible
not visible
not visible
not visible
not visible
not visible
not visible
not visible
not visible
not visible
not visible
not visible
not visible
not visible
not visible
not visible
not visible
not visible
not visible
not visible
not visible
not visible
not visible
not visible
not visible
not visible
not visible
not visible
not visible
not visible
not visible
not visible
not visible
not visible
not visible
not visible
not visible
not visible
not visible
not visible
not visible
not visible
not visible
not visible
not visible
not visible
not visible
not visible
not visible
not visible
not visible
not visible
not visible
not visible
not visible
not visible
not visible
not visible
visible
not visible
not visible
not visible
not visible
not visible
not visible
not visible
not visible
not visible
not visible
not visible
not visible
not visible
not visible
not visible
not visible
not visible
not visible
not visible
not visible
not visible
not visible
not visible
not visible
not visible
not visible
not visible
not visible
not visible
not visible
not visible
not visible
not visible
not visible
not visible
not visible
not visible
not visible
not visible
not visible
not visible
not visible
not visible
not visible
not visible
not visible
not visible
not visible
not visible
not visible
not visible
not visible
not visible
not visible
not visible
not visible
not visible
not visible
not visible
not visible
not visible
not visible
not visible
not visible
not visible
not visible
not visible
not visible
not visible
not visible
not visible
not visible
not visible
not visible
not visible
not visible
not visible
not visible
not visible
not visible
not visible
not visible
visible
not visible
not visible
not visible
not visible
not visible
not visible
not visible
not visible
not visible
not visible
not visible
not visible
not visible
not visible
not visible
not visible
not visible
not visible
not visible
not visible
not visible
not visible
not visible
not visible
not visible
not visible
not visible
not visible
not visible
not visible
not visible
not visible
not visible
not visible
not visible
not visible
not visible
not visible
not visible
not visible
not visible
not visible
not visible
not visible
not visible
not visible
not visible
not visible
not visible
not visible
not visible
not visible
not visible
not visible
not visible
not visible
not visible
not visible
not visible
not visible
not visible
not visible
not visible
not visible
not visible
not visible
not visible
not visible
not visible
not visible
not visible
not visible
not visible
not visible
not visible
not visible
not visible
not visible
not visible
not visible
not visible
not visible
not visible
not visible
not visible
not visible
not visible
not visible
not visible
not visible
not visible
not visible
not visible
not visible
not visible
not visible
not visible
not visible
not visible
not visible
not visible
not visible
not visible
not visible
not visible
not visible
not visible
not visible
not visible
not visible
not visible
not visible
not visible
not visible
not visible
not visible
not visible
not visible
not visible
not visible
not visible
not visible
not visible
not visible
not visible
not visible
not visible
not visible
not visible
not visible
not visible
not visible
not visible
not visible
not visible
not visible
not visible
not visible
not visible
not visible
not visible
not visible
not visible
not visible
not visible
not visible
not visible
not visible
not visible
not visible
not visible
not visible
not visible
not visible
not visible
not visible
not visible
not visible
not visible
not visible
not visible
not visible
not visible
visible
not visible
not visible
not visible
not visible
not visible
not visible
not visible
not visible
visible
not visible
not visible
not visible
not visible
not visible
not visible
not visible
not visible
not visible
not visible
not visible
not visible
not visible
not visible
not visible
not visible
not visible
not visible
not visible
not visible
not visible
not visible
visible
not visible
not visible
not visible
not visible
not visible
not visible
not visible
not visible
not visible
not visible
not visible
not visible
not visible
not visible
not visible
not visible
not visible
not visible
not visible
not visible
not visible
not visible
not visible
not visible
not visible
not visible
not visible
not visible
not visible
not visible
not visible
not visible
not visible
not visible
not visible
not visible
not visible
not visible
not visible
not visible
not visible
not visible
not visible
not visible
not visible
not visible
not visible
not visible
not visible
not visible
not visible
not visible
not visible
not visible
not visible
not visible
not visible
not visible
not visible
not visible
