not visible
not visible
visible
not visible
not visible
visible
visible
visible
not visible
not visible
not visible
not visible
visible
not visible
visible
visible
visible
not visible
visible
not visible
not visible
visible
not visible
not visible
not visible
not visible
not visible
not visible
not visible
not visible
not visible
not visible
not visible
not visible
not visible
visible
visible
not visible
not visible
not visible
not visible
not visible
not visible
visible
not visible
not visible
not visible
visible
not visible
not visible
visible
not visible
visible
not visible
visible
not visible
not visible
not visible
not visible
not visible
not visible
not visible
visible
not visible
not visible
not visible
visible
not visible
visible
visible
visible
not visible
visible
not visible
not visible
visible
not visible
visible
not visible
visible
not visible
not visible
not visible
not visible
visible
not visible
not visible
not visible
not visible
not visible
not visible
not visible
not visible
visible
not visible
not visible
not visible
not visible
not visible
not visible
visible
visible
not visible
not visible
not visible
not visible
visible
not visible
not visible
not visible
not visible
visible
not visible
not visible
visible
not visible
not visible
not visible
not visible
visible
not visible
not visible
visible
visible
not visible
not visible
not visible
not visible
not visible
not visible
not visible
not visible
not visible
not visible
visible
not visible
not visible
not visible
visible
not visible
not visible
not visible
not visible
not visible
not visible
visible
visible
not visible
not visible
not visible
not visible
not visible
not visible
not visible
not visible
not visible
not visible
not visible
not visible
visible
not visible
not visible
visible
not visible
visible
not visible
not visible
not visible
not visible
not visible
not visible
not visible
visible
not visible
not visible
not visible
not visible
visible
visible
not visible
visible
visible
visible
not visible
not visible
not visible
not visible
not visible
not visible
not visible
not visible
not visible
not visible
visible
not visible
visible
not visible
visible
not visible
not visible
not visible
not visible
visible
visible
not visible
not visible
not visible
not visible
visible
visible
visible
not visible
visible
not visible
not visible
not visible
visible
visible
not visible
not visible
not visible
visible
not visible
not visible
visible
visible
not visible
not visible
not visible
not visible
not visible
not visible
not visible
not visible
not visible
not visible
not visible
not visible
visible
not visible
not visible
not visible
not visible
not visible
visible
visible
visible
not visible
not visible
not visible
not visible
not visible
not visible
not visible
not visible
not visible
not visible
not visible
not visible
not visible
not visible
not visible
not visible
visible
not visible
visible
not visible
not visible
visible
not visible
visible
not visible
not visible
visible
visible
not visible
not visible
visible
not visible
not visible
not visible
visible
not visible
visible
not visible
not visible
not visible
not visible
not visible
visible
visible
not visible
not visible
not visible
visible
not visible
not visible
not visible
not visible
visible
visible
not visible
not visible
not visible
not visible
visible
not visible
not visible
visible
visible
visible
visible
not visible
visible
not visible
not visible
not visible
not visible
not visible
visible
not visible
visible
visible
not visible
not visible
not visible
not visible
visible
not visible
visible
not visible
not visible
not visible
visible
not visible
not visible
visible
not visible
not visible
not visible
not visible
visible
not visible
not visible
not visible
visible
visible
not visible
visible
visible
not visible
not visible
not visible
not visible
visible
not visible
not visible
not visible
not visible
visible
not visible
not visible
visible
not visible
not visible
not visible
not visible
not visible
not visible
not visible
not visible
visible
not visible
not visible
not visible
not visible
visible
visible
not visible
not visible
not visible
visible
not visible
not visible
visible
not visible
not visible
visible
not visible
visible
not visible
not visible
not visible
visible
not visible
not visible
visible
not visible
not visible
not visible
not visible
not visible
not visible
not visible
not visible
visible
visible
not visible
not visible
not visible
not visible
not visible
not visible
not visible
not visible
not visible
visible
not visible
not visible
visible
visible
not visible
not visible
visible
not visible
not visible
not visible
not visible
not visible
not visible
visible
not visible
visible
not visible
not visible
not visible
not visible
not visible
not visible
not visible
not visible
not visible
not visible
not visible
visible
visible
not visible
not visible
visible
visible
visible
visible
not visible
not visible
not visible
not visible
not visible
not visible
not visible
not visible
not visible
not visible
not visible
visible
visible
not visible
not visible
not visible
not visible
not visible
visible
visible
not visible
not visible
not visible
not visible
visible
visible
not visible
not visible
not visible
not visible
not visible
not visible
not visible
visible
not visible
visible
visible
not visible
visible
visible
not visible
not visible
not visible
visible
not visible
not visible
visible
not visible
not visible
visible
not visible
visible
not visible
not visible
not visible
not visible
not visible
visible
not visible
visible
not visible
not visible
not visible
visible
visible
visible
not visible
visible
visible
not visible
not visible
visible
not visible
not visible
not visible
not visible
not visible
not visible
visible
not visible
visible
not visible
not visible
not visible
not visible
visible
not visible
not visible
not visible
not visible
not visible
not visible
not visible
not visible
visible
not visible
not visible
visible
not visible
not visible
not visible
not visible
not visible
not visible
not visible
visible
not visible
not visible
not visible
not visible
visible
visible
not visible
not visible
not visible
visible
not visible
not visible
visible
visible
not visible
not visible
visible
not visible
not visible
not visible
visible
not visible
visible
not visible
not visible
visible
not visible
visible
not visible
visible
not visible
not visible
not visible
visible
visible
not visible
not visible
not visible
not visible
not visible
not visible
not visible
not visible
not visible
visible
not visible
visible
not visible
visible
not visible
not visible
not visible
not visible
visible
not visible
not visible
not visible
visible
visible
not visible
not visible
not visible
visible
not visible
not visible
not visible
not visible
not visible
not visible
not visible
not visible
not visible
visible
not visible
not visible
not visible
not visible
visible
not visible
not visible
not visible
not visible
not visible
visible
not visible
not visible
visible
not visible
not visible
not visible
not visible
not visible
not visible
not visible
not visible
visible
not visible
not visible
not visible
not visible
not visible
not visible
not visible
visible
not visible
visible
not visible
visible
visible
not visible
not visible
not visible
visible
not visible
not visible
not visible
not visible
not visible
not visible
visible
visible
not visible
not visible
not visible
visible
visible
not visible
visible
not visible
not visible
not visible
visible
not visible
visible
not visible
visible
not visible
visible
not visible
visible
not visible
not visible
not visible
not visible
not visible
not visible
not visible
visible
not visible
visible
not visible
not visible
not visible
not visible
not visible
not visible
not visible
visible
not visible
not visible
visible
not visible
not visible
not visible
visible
not visible
visible
visible
visible
not visible
visible
not visible
not visible
visible
visible
visible
visible
not visible
not visible
visible
not visible
not visible
not visible
not visible
not visible
visible
not visible
not visible
not visible
visible
not visible
visible
visible
visible
visible
not visible
not visible
not visible
visible
not visible
not visible
not visible
not visible
visible
not visible
not visible
not visible
not visible
visible
not visible
not visible
visible
not visible
not visible
visible
visible
not visible
not visible
not visible
visible
not visible
visible
visible
not visible
not visible
not visible
not visible
not visible
not visible
visible
not visible
not visible
visible
not visible
visible
not visible
not visible
not visible
not visible
not visible
visible
not visible
visible
not visible
visible
not visible
not visible
not visible
visible
visible
visible
not visible
not visible
visible
not visible
not visible
not visible
not visible
not visible
visible
not visible
visible
not visible
not visible
not visible
not visible
not visible
not visible
not visible
visible
not visible
not visible
not visible
not visible
visible
not visible
visible
not visible
not visible
not visible
not visible
visible
not visible
not visible
not visible
visible
not visible
not visible
visible
visible
not visible
not visible
not visible
not visible
visible
not visible
not visible
not visible
not visible
not visible
visible
visible
not visible
visible
visible
not visible
not visible
not visible
not visible
visible
visible
not visible
visible
not visible
not visible
not visible
not visible
visible
not visible
not visible
not visible
not visible
visible
not visible
visible
visible
not visible
not visible
not visible
not visible
visible
not visible
visible
not visible
not visible
not visible
not visible
not visible
visible
not visible
not visible
visible
not visible
not visible
not visible
not visible
not visible
not visible
not visible
not visible
visible
visible
not visible
visible
not visible
not visible
visible
visible
visible
visible
not visible
visible
visible
not visible
not visible
not visible
not visible
not visible
not visible
not visible
visible
not visible
visible
visible
visible
not visible
not visible
not visible
not visible
not visible
not visible
visible
visible
visible
not visible
not visible
not visible
not visible
visible
not visible
not visible
not visible
visible
visible
not visible
visible
not visible
not visible
not visible
visible
visible
not visible
not visible
not visible
not visible
visible
visible
visible
not visible
visible
not visible
not visible
not visible
visible
not visible
not visible
not visible
not visible
not visible
not visible
visible
not visible
not visible
not visible
not visible
not visible
not visible
not visible
visible
not visible
not visible
not visible
visible
visible
not visible
not visible
visible
visible
visible
visible
visible
visible
