RECOUNT!
RECOUNT!
PATIENCE, EVERYONE!
RECOUNT!
GET A CRATE OF CHAMPAGNE FROM THE BASEMENT!
GET A CRATE OF CHAMPAGNE FROM THE BASEMENT!
GET A CRATE OF CHAMPAGNE FROM THE BASEMENT!
GET A CRATE OF CHAMPAGNE FROM THE BASEMENT!
GET A CRATE OF CHAMPAGNE FROM THE BASEMENT!
RECOUNT!
GET A CRATE OF CHAMPAGNE FROM THE BASEMENT!
GET A CRATE OF CHAMPAGNE FROM THE BASEMENT!
PATIENCE, EVERYONE!
GET A CRATE OF CHAMPAGNE FROM THE BASEMENT!
RECOUNT!
RECOUNT!
RECOUNT!
PATIENCE, EVERYONE!
RECOUNT!
GET A CRATE OF CHAMPAGNE FROM THE BASEMENT!
GET A CRATE OF CHAMPAGNE FROM THE BASEMENT!
RECOUNT!
PATIENCE, EVERYONE!
PATIENCE, EVERYONE!
RECOUNT!
GET A CRATE OF CHAMPAGNE FROM THE BASEMENT!
GET A CRATE OF CHAMPAGNE FROM THE BASEMENT!
GET A CRATE OF CHAMPAGNE FROM THE BASEMENT!
GET A CRATE OF CHAMPAGNE FROM THE BASEMENT!
GET A CRATE OF CHAMPAGNE FROM THE BASEMENT!
GET A CRATE OF CHAMPAGNE FROM THE BASEMENT!
GET A CRATE OF CHAMPAGNE FROM THE BASEMENT!
RECOUNT!
GET A CRATE OF CHAMPAGNE FROM THE BASEMENT!
PATIENCE, EVERYONE!
GET A CRATE OF CHAMPAGNE FROM THE BASEMENT!
GET A CRATE OF CHAMPAGNE FROM THE BASEMENT!
GET A CRATE OF CHAMPAGNE FROM THE BASEMENT!
GET A CRATE OF CHAMPAGNE FROM THE BASEMENT!
GET A CRATE OF CHAMPAGNE FROM THE BASEMENT!
PATIENCE, EVERYONE!
RECOUNT!
GET A CRATE OF CHAMPAGNE FROM THE BASEMENT!
RECOUNT!
RECOUNT!
RECOUNT!
RECOUNT!
GET A CRATE OF CHAMPAGNE FROM THE BASEMENT!
PATIENCE, EVERYONE!
GET A CRATE OF CHAMPAGNE FROM THE BASEMENT!
GET A CRATE OF CHAMPAGNE FROM THE BASEMENT!
GET A CRATE OF CHAMPAGNE FROM THE BASEMENT!
GET A CRATE OF CHAMPAGNE FROM THE BASEMENT!
RECOUNT!
RECOUNT!
RECOUNT!
GET A CRATE OF CHAMPAGNE FROM THE BASEMENT!
PATIENCE, EVERYONE!
GET A CRATE OF CHAMPAGNE FROM THE BASEMENT!
GET A CRATE OF CHAMPAGNE FROM THE BASEMENT!
RECOUNT!
PATIENCE, EVERYONE!
GET A CRATE OF CHAMPAGNE FROM THE BASEMENT!
RECOUNT!
GET A CRATE OF CHAMPAGNE FROM THE BASEMENT!
RECOUNT!
PATIENCE, EVERYONE!
GET A CRATE OF CHAMPAGNE FROM THE BASEMENT!
GET A CRATE OF CHAMPAGNE FROM THE BASEMENT!
GET A CRATE OF CHAMPAGNE FROM THE BASEMENT!
GET A CRATE OF CHAMPAGNE FROM THE BASEMENT!
RECOUNT!
RECOUNT!
RECOUNT!
GET A CRATE OF CHAMPAGNE FROM THE BASEMENT!
RECOUNT!
PATIENCE, EVERYONE!
GET A CRATE OF CHAMPAGNE FROM THE BASEMENT!
RECOUNT!
PATIENCE, EVERYONE!
GET A CRATE OF CHAMPAGNE FROM THE BASEMENT!
RECOUNT!
GET A CRATE OF CHAMPAGNE FROM THE BASEMENT!
GET A CRATE OF CHAMPAGNE FROM THE BASEMENT!
RECOUNT!
RECOUNT!
GET A CRATE OF CHAMPAGNE FROM THE BASEMENT!
RECOUNT!
RECOUNT!
PATIENCE, EVERYONE!
RECOUNT!
GET A CRATE OF CHAMPAGNE FROM THE BASEMENT!
GET A CRATE OF CHAMPAGNE FROM THE BASEMENT!
GET A CRATE OF CHAMPAGNE FROM THE BASEMENT!
GET A CRATE OF CHAMPAGNE FROM THE BASEMENT!
PATIENCE, EVERYONE!
RECOUNT!
RECOUNT!
GET A CRATE OF CHAMPAGNE FROM THE BASEMENT!
PATIENCE, EVERYONE!
