I Brad_Penn3558@nimogy.biz Penn Brad
I Enoch_Richards2925@brety.org Richards Enoch
I Estrella_Palmer7215@famism.biz Palmer Estrella
I Jackeline_Radley5521@zorer.org Radley Jackeline
I Kieth_Thomson4716@naiker.biz Thomson Kieth
I Robert.Weston@school.edu Weston Robert
I Russel_Saunders4757@zorer.org Saunders Russel
O Bob_Weston5390@nanoff.biz Weston Bob
O jackie@smallcompany.biz Radley Jackie
O Keith_Thomson4716@naiker.biz Thomson Keith
O Nick_Cattell5542@brety.org Cattell Nick
O RS@shortname.biz Saunders Russell
