I bRCHFdYGt8fAuxJW7y4p@fyLOLTwgpBGWBfWpyJGXbRR22amwK3KIKut8OHE.edu xavyrzofgdfmoqphgvhnwphp zkszuowdgucugfdftrpywdlg
I bxdCJ12JIjYu5iITUiUC@CQ0DQ1xq19ts5MuZ7My34g9edUeeLtE1J5R8vO5.com Aiohsjavft-jnibgjtsmygiz Wotxcphzqgjiabozvlnkoeyl
I EUmjfPOouHY6TEQH2nfN@gauYRMGM7eezsqcLZjwo4ZzRud1s6i6USAneYna.biz gsndacuqfkszuuayboqbdhqw iuhhaubjvnndcmvxkcjdlntp
I EyzjdQlifGPhNN9J5gSo@NGIJew3HCnVl1NpayE99hmOgTk0aGlo8zPhiAAe.edu UGXKAOPKJRFBKNTSQWOVPBME DJXNMFFYRWILJYQWOEHFRHZF
I hcXqsyntYFQQt9SzfLP7@YlmKsY8p-QOabDro4n1qBQFWgeEwNlPFpgUEoh6.net eyfylqgzhbpqsxmkbyhxbhgz qjykirgmheklmdwmoygxifbn
I Rq7CcP28CskbMaQNSzUo@h6Gt3If2bQ0LKRvAF2xqDn52i0xdCMnJqTrqsm1.com rboltdtyncwsjsrruhrahwlt yyomlnzvowaemeyyfzrdjtdy
I TcrDdsZEYr370oo0KquD@MZVQv5bEsyojuc1NmY3dDXBEThhsVAXKEWSssQU.com mtr-gxvdkxeqiollfovbvprs vsqrqepcehxpbfaqmfepezed
I TPS904qO9maHDiGYR3wm@DPDkbcQuIMYIbc3QsiMy04fCV93cT4nbR8EwmKr.edu DIELKCEHCDBNSCHJNDJOPJKB BXZYETBHKBOJWZJZMXTSSFAH
I UKDQFPCzYa9DhcmB1lRq@Acfn0o10rHSKp8rVx6roJrEKNUxeb8ggBHoqE.ac.uk vadsgbjojzbllprpozcobfux tjzjkkfwjvrreomczrudxnrg
O AG8qDVn8CQRCyHLGtrl0@MThs5UnBWlrRiIdYPdFcGqRSdfzuS9NxkKZnyt9.net SNVLNQDBVZFNBMQHMIEBJEMY YGARMHPXFNVCNIZUUVSQCKMU
O eiwIiEKkEgXbT2zzb2uj@mkMT56B52Rw4ew4oSStJon4YuhaETq6RDLY1fNO.net jfiqfyqjthbskjsoaqmrgnei mlpdrfuffrqlssulwegpbgek
O g50ecqckMvdwDuEfeM1n@sijLIW8AVAaJopSlnbhj93jcwMX6Lt8bMpa5MaO.net rcdoxyaekarwfdgfdbtvxssa tqmkjgegcnjhqociyufciwhj
O KRhQ43xwhh-uUiyhyFF1@P6hsFmOgqqn20KqGtZizrmHQw1uBwUoX1UwvWzA.edu truswfpxsnsuiwywsqvjajpi pstmfweziclwwfjbbgryyttg
O QygOQSLnh9aJK7vW9YHW@mSDPPBkB55peF-eGS5ULWjTUTrSFvyfgY8PT6Qy.edu wupcvajusnisicibgtfqyyzv zjmmrqfizczsosadcehhosih
O TQDZIaS6NmHU3Lmt4h3f@hE9ntXi77hmLeO3mNH5PMoaK4t4U6w5JwIDgXop.edu sehmlvkkmhtkybfrsggbzjgq smnxhklvfskvxedeyibtmbkq
O VH1vTUGuAWOYc7Ze7YuH@RqemTrPfUoSDhHMVYzuJnC74jFnL0GaVHc.uxrr.edu lsdbtirwpakkoddrqhfdydhq zmyvluilbwbvzgrkzclmyjdl
O YJE5XzrtuXUa4KbjJbTC@NxEj1CSGNoWlnFbZCMtG9DCko5NIFwRwJp6fbip.com XOVEGGPKURYGWAQBHJDOMVNW PMLGOAEZHHKEQDANHVRHKNPW
O zsCAPlYcE9gMpaSMSs0p@zE5eavjyd0DR3WZyv6KKHY1EzuMSgQwPWhwLclN.com gsepzkzyeuatbwtyqvpfzegg gfitbzgmzxgltyeaccpmzvij
