I bRCHFdYGt8fAuxJW7y4p@fyLOLTwgpBGWBfWpyJGXbRR22amwK3KIKut8OHE.edu xavyrzofgdfmoqphgvhnwphp zkszuowdgucugfdftrpywdlg
I bxdCJ12JIjYu5iITUiUC@CQ0DQ1xq19ts5MuZ7My34g9edUeeLtE1J5R8vO5.com Aiohsjavft-jnibgjtsmygiz Wotxcphzqgjiabozvlnkoeyl
I EyzjdQlifGPhNN9J5gSo@NGIJew3HCnVl1NpayE99hmOgTk0aGlo8zPhiAAe.edu UGXKAOPKJRFBKNTSQWOVPBME DJXNMFFYRWILJYQWOEHFRHZF
I hcXqsyntYFQQt9SzfLP7@YlmKsY8p-QOabDro4n1qBQFWgeEwNlPFpgUEoh6.net eyfylqgzhbpqsxmkbyhxbhgz qjykirgmheklmdwmoygxifbn
I TPS904qO9maHDiGYR3wm@DPDkbcQuIMYIbc3QsiMy04fCV93cT4nbR8EwmKr.edu DIELKCEHCDBNSCHJNDJOPJKB BXZYETBHKBOJWZJZMXTSSFAH
I UKDQFPCzYa9DhcmB1lRq@Acfn0o10rHSKp8rVx6roJrEKNUxeb8ggBHoqE.ac.uk vadsgbjojzbllprpozcobfux tjzjkkfwjvrreomczrudxnrg
O AG8qDVn8CQRCyHLGtrl0@MThs5UnBWlrRiIdYPdFcGqRSdfzuS9NxkKZnyt9.net SNVLNQDBVZFNBMQHMIEBJEMY YGARMHPXFNVCNIZUUVSQCKMU
O g50ecqckMvdwDuEfeM1n@sijLIW8AVAaJopSlnbhj93jcwMX6Lt8bMpa5MaO.net rcdoxyaekarwfdgfdbtvxssa tqmkjgegcnjhqociyufciwhj
O QygOQSLnh9aJK7vW9YHW@mSDPPBkB55peF-eGS5ULWjTUTrSFvyfgY8PT6Qy.edu wupcvajusnisicibgtfqyyzv zjmmrqfizczsosadcehhosih
O YJE5XzrtuXUa4KbjJbTC@NxEj1CSGNoWlnFbZCMtG9DCko5NIFwRwJp6fbip.com XOVEGGPKURYGWAQBHJDOMVNW PMLGOAEZHHKEQDANHVRHKNPW
O zsCAPlYcE9gMpaSMSs0p@zE5eavjyd0DR3WZyv6KKHY1EzuMSgQwPWhwLclN.com gsepzkzyeuatbwtyqvpfzegg gfitbzgmzxgltyeaccpmzvij
