1
Fizz
3
Fizz
5
Fizz
Buzz
Fizz
9
Fizz
11
Fizz
13
FizzBuzz
15
Fizz
17
Fizz
19
Fizz
Buzz
Fizz
23
Fizz
25
Fizz
27
FizzBuzz
29
Fizz
31
Fizz
33
Fizz
Buzz
Fizz
37
Fizz
39
Fizz
41
FizzBuzz
43
Fizz
45
Fizz
47
Fizz
Buzz
Fizz
51
Fizz
53
Fizz
55
FizzBuzz
57
Fizz
59
Fizz
61
Fizz
Buzz
Fizz
65
Fizz
67
Fizz
69
FizzBuzz
71
Fizz
73
Fizz
75
Fizz
Buzz
Fizz
79
Fizz
81
Fizz
83
FizzBuzz
85
Fizz
87
Fizz
89
Fizz
Buzz
Fizz
93
Fizz
95
Fizz
97
FizzBuzz
99
Fizz
