Bob
tie
tie
tie
Alice
tie
Alice
tie
tie
tie
tie
Alice
tie
tie
Alice
tie
tie
tie
Alice
tie
tie
tie
tie
tie
tie
tie
Alice
tie
tie
tie
Bob
tie
tie
tie
tie
tie
tie
tie
Alice
tie
tie
tie
tie
tie
Alice
tie
Alice
tie
Bob
tie
tie
tie
tie
tie
tie
tie
Alice
tie
tie
tie
Bob
tie
tie
tie
tie
tie
tie
tie
Bob
Alice
tie
tie
Alice
tie
Bob
tie
tie
tie
tie
tie
Bob
Bob
tie
tie
Alice
tie
Alice
tie
tie
tie
Bob
tie
tie
tie
tie
tie
Alice
tie
Bob
tie
tie
tie
Bob
tie
Bob
tie
tie
tie
Alice
tie
tie
tie
tie
tie
tie
tie
tie
tie
tie
tie
tie
tie
tie
tie
tie
tie
tie
tie
Alice
tie
tie
Bob
tie
tie
tie
tie
tie
tie
Bob
tie
Bob
tie
tie
tie
tie
tie
Bob
tie
tie
tie
Alice
tie
tie
tie
tie
tie
tie
tie
Alice
tie
Bob
tie
tie
tie
Bob
Bob
tie
tie
tie
tie
Bob
Bob
tie
tie
Alice
tie
Bob
tie
tie
tie
Bob
tie
tie
tie
Alice
tie
Bob
tie
tie
tie
tie
tie
tie
tie
tie
tie
Alice
tie
Bob
tie
tie
Alice
tie
tie
Bob
tie
Alice
tie
tie
Alice
tie
tie
tie
Bob
tie
tie
Alice
tie
tie
tie
tie
tie
tie
tie
Alice
tie
tie
tie
Alice
tie
tie
tie
tie
tie
Bob
tie
tie
tie
tie
tie
tie
tie
Alice
tie
tie
tie
tie
tie
Bob
tie
tie
Bob
tie
tie
tie
tie
Alice
tie
tie
tie
Bob
tie
tie
tie
Bob
tie
Bob
tie
tie
Alice
tie
tie
tie
tie
tie
tie
Alice
tie
Bob
tie
tie
tie
tie
tie
Bob
tie
tie
tie
tie
tie
tie
Bob
tie
tie
Bob
tie
tie
tie
tie
Alice
Bob
tie
tie
tie
tie
Alice
tie
tie
Bob
tie
Alice
tie
Bob
tie
tie
tie
tie
tie
Bob
tie
Alice
Bob
tie
tie
Bob
tie
Alice
tie
tie
tie
Bob
tie
tie
tie
tie
tie
Bob
tie
Bob
tie
tie
tie
tie
tie
tie
Alice
tie
tie
tie
tie
tie
tie
tie
tie
Alice
tie
Alice
tie
tie
tie
Alice
tie
tie
tie
tie
tie
Bob
tie
Bob
tie
Bob
Alice
tie
tie
Bob
tie
Bob
tie
Bob
tie
Bob
tie
tie
tie
tie
tie
tie
tie
tie
tie
Alice
tie
tie
tie
tie
Bob
tie
tie
Alice
tie
tie
tie
Alice
tie
Bob
Bob
tie
tie
tie
tie
Bob
tie
tie
tie
Bob
tie
Alice
tie
tie
tie
tie
tie
tie
tie
tie
tie
tie
tie
tie
tie
tie
tie
tie
tie
Alice
tie
tie
tie
tie
tie
Bob
tie
tie
tie
tie
tie
Bob
tie
tie
tie
Alice
tie
tie
tie
tie
tie
tie
tie
Alice
tie
tie
tie
Bob
tie
Bob
tie
tie
tie
Bob
tie
tie
tie
tie
tie
Bob
tie
Alice
tie
tie
tie
Alice
tie
tie
Alice
tie
tie
Alice
tie
tie
tie
tie
tie
tie
tie
tie
tie
tie
tie
tie
tie
Bob
tie
tie
tie
Alice
tie
tie
tie
Alice
tie
Alice
tie
tie
Bob
tie
tie
Bob
tie
tie
tie
tie
tie
tie
tie
Alice
Bob
tie
tie
tie
tie
tie
Alice
tie
tie
tie
tie
Bob
tie
tie
tie
tie
tie
tie
tie
tie
tie
tie
tie
Bob
tie
tie
tie
tie
tie
tie
tie
tie
tie
Alice
tie
Alice
tie
tie
tie
Alice
tie
tie
tie
tie
tie
Bob
tie
tie
tie
tie
tie
Alice
tie
Alice
Alice
tie
tie
tie
tie
tie
tie
tie
tie
Bob
tie
Alice
tie
tie
Bob
Bob
tie
Alice
tie
tie
tie
tie
tie
tie
tie
tie
tie
tie
tie
tie
tie
tie
tie
tie
tie
Alice
tie
tie
tie
Alice
tie
Bob
tie
tie
tie
tie
tie
Alice
tie
tie
tie
Alice
tie
tie
tie
tie
tie
Bob
tie
tie
tie
tie
Bob
tie
tie
Bob
tie
Bob
tie
tie
tie
tie
tie
tie
tie
Bob
tie
tie
tie
tie
tie
tie
tie
tie
tie
tie
tie
Bob
tie
tie
tie
tie
tie
tie
tie
Alice
Alice
tie
tie
tie
tie
Bob
tie
tie
tie
Bob
tie
tie
tie
tie
tie
Alice
tie
Bob
Bob
tie
tie
Alice
tie
Bob
tie
tie
tie
tie
tie
Alice
tie
tie
tie
Bob
tie
Alice
tie
tie
Alice
tie
tie
tie
tie
tie
tie
Alice
tie
tie
tie
tie
tie
Alice
tie
Alice
tie
Alice
Bob
tie
tie
tie
tie
tie
tie
tie
tie
tie
tie
tie
tie
tie
tie
Alice
tie
tie
tie
Alice
tie
tie
tie
tie
Alice
tie
tie
Bob
tie
tie
tie
tie
tie
tie
Bob
tie
tie
tie
tie
Bob
tie
tie
tie
Bob
tie
tie
tie
tie
Bob
Bob
tie
tie
tie
tie
tie
tie
tie
Bob
tie
tie
tie
tie
tie
Bob
tie
tie
tie
tie
tie
Bob
tie
tie
tie
Bob
tie
tie
tie
Alice
Alice
Alice
tie
Alice
tie
tie
tie
tie
tie
tie
tie
tie
tie
Bob
tie
tie
tie
tie
tie
Alice
tie
Bob
tie
tie
tie
tie
tie
Alice
tie
tie
tie
Alice
tie
tie
Alice
tie
tie
Bob
tie
tie
Bob
tie
tie
Alice
tie
Alice
tie
tie
tie
tie
tie
Alice
tie
tie
tie
Bob
tie
tie
tie
tie
tie
tie
tie
tie
Bob
tie
tie
tie
tie
Bob
tie
tie
tie
tie
tie
Bob
Alice
Alice
tie
Bob
tie
Alice
tie
tie
tie
tie
tie
Bob
tie
Alice
tie
tie
tie
tie
tie
tie
Alice
tie
tie
Alice
tie
tie
tie
tie
tie
tie
Bob
tie
tie
tie
tie
tie
tie
tie
tie
Bob
tie
tie
tie
tie
tie
tie
tie
tie
tie
tie
tie
Bob
tie
Alice
tie
tie
tie
tie
tie
Alice
tie
tie
tie
tie
tie
Alice
tie
tie
tie
Bob
tie
tie
tie
tie
tie
tie
tie
tie
tie
tie
tie
Alice
tie
tie
tie
Bob
tie
tie
tie
tie
tie
tie
tie
Bob
tie
tie
tie
tie
tie
Alice
tie
Bob
tie
tie
Alice
Alice
tie
tie
tie
tie
tie
Bob
tie
tie
tie
tie
tie
tie
tie
Alice
tie
tie
tie
Bob
tie
Bob
tie
tie
tie
Alice
tie
tie
tie
tie
Bob
Bob
tie
tie
tie
tie
Bob
Bob
tie
tie
Alice
tie
tie
tie
tie
tie
tie
tie
tie
Alice
tie
tie
tie
tie
tie
Bob
tie
tie
tie
tie
tie
tie
tie
tie
tie
tie
tie
Alice
tie
tie
tie
tie
tie
tie
tie
Bob
tie
tie
tie
tie
tie
Bob
tie
tie
Bob
tie
tie
tie
tie
Bob
tie
tie
tie
tie
Bob
Bob
tie
tie
tie
Alice
tie
tie
tie
tie
tie
Bob
tie
tie
tie
Alice
tie
tie
tie
tie
tie
tie
tie
Alice
tie
Bob
tie
tie
tie
tie
tie
tie
tie
tie
tie
Bob
tie
tie
tie
Alice
tie
Alice
tie
Alice
tie
tie
tie
tie
tie
tie
tie
tie
tie
Bob
tie
tie
Bob
Alice
tie
tie
tie
tie
tie
Alice
tie
tie
tie
tie
tie
Bob
tie
Bob
tie
tie
tie
Alice
tie
Bob
tie
tie
tie
tie
tie
Alice
tie
tie
tie
Alice
tie
Alice
Bob
Alice
tie
Bob
tie
tie
tie
tie
tie
tie
tie
tie
tie
tie
tie
Bob
tie
tie
tie
tie
tie
Bob
tie
Alice
tie
tie
tie
Alice
tie
tie
Bob
tie
tie
Alice
tie
Bob
tie
tie
tie
tie
tie
Alice
tie
tie
tie
Bob
tie
Alice
Alice
tie
tie
Bob
tie
tie
tie
tie
tie
Bob
tie
tie
tie
tie
Bob
Alice
tie
Bob
tie
tie
tie
tie
tie
tie
tie
tie
tie
Bob
tie
Bob
Bob
tie
Bob
tie
tie
tie
tie
tie
tie
Bob
tie
Bob
tie
Bob
tie
tie
tie
tie
Alice
tie
tie
tie
tie
Alice
tie
tie
tie
Alice
tie
Bob
tie
tie
tie
Alice
tie
Bob
tie
tie
tie
tie
tie
tie
tie
tie
tie
Bob
tie
Bob
tie
tie
Alice
tie
tie
Bob
tie
tie
tie
Alice
tie
tie
tie
tie
tie
Alice
tie
tie
tie
tie
tie
Bob
tie
tie
tie
tie
tie
tie
tie
Alice
tie
tie
tie
tie
tie
tie
tie
tie
tie
Bob
tie
tie
tie
tie
tie
Bob
tie
tie
tie
tie
tie
Bob
tie
tie
tie
tie
Bob
Alice
tie
Bob
tie
tie
tie
tie
tie
Alice
tie
tie
tie
Alice
tie
tie
Alice
tie
tie
Bob
tie
Bob
tie
Alice
tie
tie
tie
Bob
tie
tie
tie
Alice
tie
tie
tie
tie
tie
tie
tie
tie
Bob
tie
tie
tie
tie
tie
tie
tie
Bob
tie
tie
Alice
tie
tie
tie
Bob
tie
tie
tie
tie
tie
Alice
tie
Alice
tie
tie
tie
tie
tie
Bob
tie
tie
tie
Alice
tie
Bob
tie
tie
tie
Bob
tie
tie
tie
Alice
tie
tie
tie
tie
tie
Bob
Alice
tie
tie
Alice
tie
tie
tie
tie
tie
Bob
tie
tie
tie
tie
tie
Bob
tie
tie
tie
tie
tie
tie
tie
tie
tie
tie
tie
tie
tie
tie
tie
Bob
tie
Bob
tie
tie
tie
tie
tie
Bob
tie
tie
tie
Alice
tie
tie
tie
tie
Bob
Bob
tie
Alice
tie
tie
tie
Alice
tie
tie
tie
tie
tie
Bob
tie
tie
tie
tie
tie
tie
tie
Alice
tie
tie
tie
tie
tie
tie
tie
tie
tie
tie
tie
Bob
tie
tie
tie
tie
tie
tie
tie
tie
tie
Bob
tie
tie
tie
tie
tie
Alice
tie
tie
tie
tie
tie
tie
tie
Alice
tie
tie
Bob
Alice
tie
Alice
tie
tie
tie
Bob
tie
tie
tie
tie
tie
Alice
tie
Bob
tie
tie
tie
tie
tie
tie
tie
tie
tie
Alice
tie
tie
tie
tie
tie
Alice
tie
Alice
tie
tie
tie
tie
tie
tie
tie
tie
Bob
tie
tie
tie
tie
tie
tie
tie
tie
tie
tie
tie
tie
Alice
tie
tie
tie
tie
tie
Bob
tie
Alice
tie
tie
tie
Alice
tie
tie
tie
tie
tie
Alice
tie
tie
tie
tie
tie
tie
tie
Alice
tie
tie
tie
tie
tie
tie
tie
tie
Alice
tie
tie
Alice
tie
tie
tie
Alice
tie
Alice
tie
Alice
tie
tie
tie
tie
Bob
tie
tie
tie
tie
Bob
tie
Bob
tie
tie
tie
Bob
tie
tie
tie
tie
tie
tie
tie
tie
tie
Alice
tie
Alice
tie
tie
tie
tie
tie
tie
tie
Bob
tie
tie
tie
tie
tie
tie
tie
Bob
tie
tie
tie
tie
tie
Bob
tie
tie
tie
tie
tie
Bob
tie
tie
tie
tie
tie
tie
tie
tie
tie
tie
Bob
Alice
tie
Alice
tie
tie
tie
Alice
tie
tie
tie
tie
tie
Alice
tie
Alice
tie
tie
tie
Bob
tie
tie
tie
tie
Alice
Bob
tie
Bob
tie
tie
tie
tie
tie
Bob
Alice
tie
tie
tie
tie
tie
tie
tie
tie
Bob
tie
tie
tie
tie
tie
Alice
tie
tie
tie
Alice
tie
tie
tie
Alice
tie
tie
Alice
tie
tie
Alice
tie
tie
tie
Alice
tie
tie
tie
tie
tie
Alice
tie
Bob
tie
tie
tie
tie
tie
tie
tie
tie
tie
tie
tie
Alice
tie
tie
tie
tie
tie
tie
tie
tie
tie
tie
tie
Bob
tie
tie
tie
tie
tie
tie
tie
tie
Bob
tie
tie
tie
tie
tie
tie
Alice
tie
Alice
tie
tie
tie
tie
tie
Bob
tie
tie
tie
Bob
tie
Alice
tie
tie
tie
Alice
tie
tie
tie
tie
tie
Bob
tie
tie
tie
tie
tie
Alice
tie
Bob
tie
tie
tie
Alice
tie
Bob
tie
Bob
tie
tie
tie
Alice
tie
tie
tie
tie
tie
Bob
tie
tie
Alice
Bob
tie
tie
tie
Alice
tie
tie
tie
tie
tie
tie
tie
tie
tie
Bob
tie
tie
tie
tie
tie
Bob
tie
tie
tie
Alice
tie
Alice
tie
Alice
tie
Bob
tie
Bob
tie
tie
tie
tie
tie
tie
tie
Alice
tie
tie
tie
tie
tie
tie
tie
Alice
tie
tie
Bob
tie
tie
tie
tie
tie
tie
tie
tie
tie
tie
tie
Bob
tie
tie
Bob
tie
tie
tie
tie
tie
Alice
tie
tie
tie
tie
tie
Bob
tie
tie
tie
tie
tie
Bob
tie
Bob
tie
tie
tie
Alice
tie
tie
tie
Alice
tie
tie
tie
Alice
tie
tie
tie
tie
tie
Bob
tie
tie
tie
Bob
tie
Alice
tie
tie
tie
Bob
tie
tie
tie
tie
Alice
tie
tie
tie
tie
tie
tie
tie
tie
Alice
tie
tie
tie
tie
tie
tie
tie
tie
tie
Bob
tie
Alice
tie
tie
Bob
tie
tie
tie
tie
tie
tie
tie
tie
Bob
Alice
Bob
tie
Bob
tie
tie
tie
Bob
tie
tie
tie
Alice
tie
tie
tie
Alice
tie
tie
Bob
tie
tie
Bob
tie
tie
tie
Alice
tie
Alice
tie
Bob
tie
Alice
tie
Bob
tie
tie
tie
tie
Bob
tie
tie
Alice
Bob
tie
tie
tie
tie
tie
tie
tie
tie
Alice
tie
Alice
tie
tie
tie
tie
tie
tie
tie
tie
tie
Alice
tie
Alice
tie
Bob
tie
Alice
tie
tie
tie
tie
tie
Alice
tie
Bob
tie
tie
tie
tie
tie
tie
tie
Alice
tie
tie
tie
tie
tie
Bob
tie
Alice
tie
Alice
tie
tie
tie
tie
tie
Bob
tie
tie
tie
Alice
tie
tie
tie
tie
tie
tie
tie
Alice
tie
tie
tie
Bob
tie
tie
tie
tie
tie
Bob
tie
tie
tie
tie
tie
Bob
tie
Alice
tie
tie
tie
tie
tie
Alice
tie
tie
tie
tie
tie
Alice
tie
Bob
tie
tie
tie
tie
tie
tie
Alice
Bob
tie
Alice
tie
tie
tie
tie
tie
Alice
tie
tie
tie
Alice
tie
tie
tie
tie
tie
Alice
tie
Alice
tie
tie
tie
tie
tie
Alice
tie
tie
tie
Alice
tie
Bob
tie
Bob
tie
Bob
tie
tie
tie
tie
tie
Alice
tie
tie
tie
tie
tie
Alice
tie
tie
tie
tie
tie
Alice
tie
tie
Bob
tie
tie
tie
tie
Bob
tie
tie
Alice
tie
tie
tie
Alice
tie
tie
Bob
tie
Alice
tie
tie
tie
Bob
tie
tie
tie
tie
tie
Bob
tie
tie
tie
tie
tie
tie
tie
Bob
tie
tie
tie
Bob
tie
Alice
tie
tie
tie
tie
tie
Bob
tie
tie
tie
Alice
tie
Bob
tie
tie
tie
Alice
tie
tie
tie
tie
tie
Alice
tie
tie
tie
tie
tie
tie
tie
tie
tie
tie
tie
Alice
tie
Bob
tie
tie
tie
tie
tie
Bob
tie
Bob
tie
Bob
tie
tie
tie
tie
tie
Alice
tie
tie
Bob
tie
tie
tie
tie
Bob
tie
tie
tie
Alice
tie
tie
tie
tie
tie
Alice
tie
Alice
tie
Alice
tie
tie
tie
tie
tie
tie
tie
tie
tie
Alice
Alice
tie
tie
tie
tie
Bob
tie
tie
tie
tie
tie
Bob
tie
tie
tie
tie
tie
Bob
tie
tie
tie
Bob
tie
tie
tie
Bob
tie
tie
tie
tie
tie
tie
tie
tie
tie
tie
tie
tie
tie
Alice
tie
tie
tie
tie
tie
tie
tie
tie
tie
tie
Bob
tie
tie
tie
tie
tie
Alice
Bob
tie
Alice
tie
tie
tie
tie
tie
tie
tie
Bob
tie
Bob
tie
tie
tie
tie
tie
tie
tie
Alice
tie
tie
Bob
Bob
tie
tie
tie
tie
tie
Alice
tie
Alice
tie
Alice
tie
tie
tie
Bob
tie
tie
tie
Bob
tie
tie
tie
tie
tie
Alice
tie
tie
tie
tie
tie
tie
tie
Bob
tie
tie
tie
Alice
tie
tie
tie
tie
tie
Bob
tie
Bob
Alice
tie
tie
Alice
tie
Bob
tie
tie
Bob
Bob
tie
Bob
tie
Bob
tie
Alice
tie
tie
tie
tie
tie
Bob
tie
tie
tie
tie
tie
tie
tie
tie
tie
Bob
tie
tie
tie
Bob
tie
tie
tie
Alice
tie
Alice
tie
tie
tie
Alice
tie
tie
tie
tie
Alice
tie
tie
tie
tie
tie
Bob
tie
tie
tie
Bob
tie
tie
tie
tie
tie
tie
tie
Alice
tie
tie
Alice
tie
tie
Alice
tie
tie
Alice
tie
tie
tie
tie
tie
tie
Bob
Alice
tie
tie
tie
Bob
tie
tie
tie
tie
tie
tie
Alice
tie
tie
tie
tie
tie
tie
tie
tie
Bob
tie
tie
Alice
Alice
tie
Alice
tie
Bob
tie
tie
tie
Bob
tie
Bob
tie
tie
tie
Alice
tie
tie
tie
tie
tie
Bob
tie
tie
tie
Bob
tie
tie
tie
tie
tie
tie
Bob
tie
tie
Bob
tie
tie
tie
tie
tie
tie
tie
tie
tie
Alice
tie
Bob
tie
tie
tie
Bob
tie
tie
tie
tie
Alice
Alice
tie
tie
tie
tie
tie
Alice
tie
Bob
tie
tie
tie
tie
tie
tie
tie
tie
tie
tie
tie
Bob
Alice
tie
Bob
Bob
tie
tie
tie
tie
tie
tie
tie
tie
tie
tie
tie
Alice
tie
Bob
tie
tie
tie
Bob
tie
Alice
Alice
tie
tie
Bob
tie
Bob
Bob
tie
tie
Alice
tie
Alice
tie
tie
tie
tie
tie
tie
tie
Bob
tie
Alice
tie
tie
tie
tie
tie
tie
tie
tie
tie
tie
tie
Bob
tie
Alice
tie
tie
tie
Bob
tie
tie
tie
tie
tie
tie
tie
tie
tie
tie
tie
tie
tie
Alice
Bob
Alice
Bob
tie
tie
Alice
tie
tie
tie
Alice
tie
tie
tie
tie
tie
tie
tie
Alice
tie
tie
tie
Alice
tie
tie
tie
tie
tie
tie
tie
Alice
tie
Alice
tie
tie
tie
Alice
tie
tie
tie
tie
tie
Bob
tie
tie
tie
Alice
tie
Alice
tie
tie
tie
tie
tie
tie
tie
Alice
tie
Alice
tie
Alice
tie
tie
tie
tie
tie
tie
tie
tie
tie
Bob
tie
tie
Bob
tie
tie
Alice
tie
Bob
tie
Bob
tie
tie
tie
tie
tie
tie
tie
Bob
tie
Alice
tie
Bob
tie
tie
tie
tie
Alice
Bob
tie
Alice
tie
tie
tie
tie
tie
Alice
tie
Bob
tie
tie
tie
Alice
tie
tie
tie
tie
tie
Bob
tie
Alice
Alice
tie
tie
tie
tie
Bob
tie
tie
tie
Bob
tie
Bob
tie
tie
tie
Bob
tie
tie
tie
tie
tie
Alice
tie
tie
tie
tie
tie
tie
tie
Alice
tie
tie
tie
tie
tie
Bob
tie
tie
tie
tie
tie
Alice
tie
tie
tie
tie
tie
Alice
tie
tie
tie
Bob
tie
tie
tie
tie
tie
tie
tie
tie
tie
tie
tie
Alice
tie
tie
tie
tie
tie
Bob
tie
Alice
tie
tie
Alice
Alice
tie
tie
tie
tie
tie
Bob
tie
tie
tie
tie
tie
tie
tie
tie
Alice
tie
tie
tie
tie
tie
tie
tie
tie
tie
tie
tie
tie
tie
tie
Alice
tie
Bob
tie
tie
tie
tie
tie
Bob
tie
tie
tie
Bob
tie
tie
tie
tie
tie
tie
tie
Alice
tie
Bob
tie
tie
tie
Alice
tie
tie
tie
Bob
tie
tie
tie
tie
tie
tie
tie
tie
tie
tie
Alice
Bob
tie
Alice
tie
Bob
tie
tie
tie
tie
tie
tie
tie
Alice
tie
Bob
tie
tie
tie
Alice
tie
Alice
tie
tie
tie
tie
tie
Bob
tie
tie
tie
Bob
tie
tie
tie
tie
tie
tie
tie
tie
tie
Bob
tie
Bob
tie
Bob
tie
tie
tie
tie
tie
Alice
tie
tie
tie
Bob
tie
tie
tie
tie
tie
Alice
tie
Alice
tie
Alice
tie
tie
tie
tie
tie
Bob
tie
tie
tie
tie
tie
tie
tie
tie
tie
tie
tie
tie
tie
Alice
tie
tie
tie
tie
tie
Bob
tie
Bob
tie
tie
tie
tie
tie
tie
tie
tie
tie
Bob
tie
Bob
tie
tie
tie
Bob
tie
tie
tie
Alice
Alice
Bob
tie
Alice
tie
tie
Bob
tie
tie
tie
tie
Bob
tie
Alice
tie
Alice
tie
tie
tie
tie
tie
tie
tie
tie
tie
tie
tie
Bob
tie
tie
tie
tie
tie
tie
tie
tie
tie
tie
tie
Alice
tie
Alice
tie
Alice
tie
tie
tie
tie
tie
tie
tie
tie
tie
tie
tie
tie
tie
Bob
tie
tie
tie
Bob
tie
tie
tie
tie
tie
Bob
tie
Bob
tie
tie
tie
tie
tie
tie
tie
tie
tie
Bob
tie
Bob
tie
tie
tie
tie
tie
tie
tie
tie
tie
tie
tie
tie
tie
tie
Alice
Bob
tie
tie
tie
tie
tie
tie
tie
Alice
tie
tie
tie
Alice
tie
tie
tie
tie
tie
Alice
tie
Bob
tie
tie
Bob
tie
tie
tie
tie
tie
tie
Alice
tie
Bob
tie
Alice
Alice
Bob
tie
tie
tie
tie
tie
Bob
tie
Bob
tie
tie
Bob
tie
tie
Bob
tie
tie
tie
Bob
tie
tie
tie
tie
tie
tie
tie
Alice
tie
tie
tie
tie
tie
tie
tie
tie
tie
tie
tie
Alice
Bob
tie
tie
Alice
tie
Alice
tie
Bob
tie
Alice
tie
tie
tie
tie
tie
Bob
tie
Alice
tie
tie
tie
tie
tie
Alice
tie
tie
tie
Alice
tie
Bob
tie
tie
Alice
Bob
tie
tie
tie
tie
tie
Bob
tie
tie
tie
tie
tie
tie
tie
Alice
Alice
tie
tie
tie
tie
Alice
tie
tie
tie
tie
tie
tie
Bob
tie
tie
tie
tie
Bob
tie
tie
tie
Alice
tie
tie
Bob
Bob
Bob
Alice
tie
Bob
tie
tie
Alice
Bob
tie
tie
tie
Bob
tie
tie
tie
Alice
tie
tie
tie
Bob
tie
tie
tie
Alice
Alice
Bob
tie
tie
tie
tie
tie
Alice
tie
Alice
tie
Alice
tie
tie
tie
Alice
tie
tie
tie
tie
tie
Alice
tie
tie
tie
tie
tie
tie
tie
tie
tie
Bob
tie
tie
tie
tie
tie
tie
tie
Bob
tie
tie
tie
tie
tie
Alice
tie
tie
tie
Bob
tie
tie
tie
tie
tie
tie
tie
tie
tie
tie
tie
tie
tie
tie
Bob
tie
tie
Alice
tie
Bob
Alice
tie
tie
tie
tie
tie
tie
tie
tie
tie
tie
Bob
tie
tie
tie
Alice
tie
Bob
tie
tie
tie
tie
tie
Bob
Bob
tie
tie
Alice
tie
tie
tie
tie
tie
tie
tie
tie
Bob
tie
tie
tie
tie
Bob
tie
tie
tie
Bob
tie
tie
tie
Bob
Alice
Bob
tie
Alice
tie
tie
tie
tie
tie
Bob
Bob
tie
tie
Bob
tie
Alice
tie
tie
tie
Alice
tie
Alice
tie
tie
tie
tie
tie
Bob
tie
tie
tie
tie
tie
tie
tie
tie
tie
tie
tie
tie
tie
Alice
tie
Bob
tie
Alice
tie
Bob
tie
Alice
tie
Bob
tie
tie
tie
tie
tie
Alice
tie
tie
tie
Bob
tie
tie
tie
tie
tie
tie
tie
Alice
tie
tie
tie
tie
tie
Alice
tie
tie
tie
Bob
tie
tie
Alice
tie
tie
tie
tie
tie
tie
tie
tie
Bob
tie
tie
tie
tie
tie
Bob
tie
Bob
tie
tie
tie
tie
tie
Bob
tie
tie
tie
tie
tie
tie
Alice
tie
tie
tie
tie
Alice
tie
tie
tie
tie
tie
tie
tie
tie
tie
Bob
tie
Alice
tie
tie
tie
tie
tie
Bob
tie
tie
tie
Alice
tie
tie
Bob
tie
tie
Alice
tie
tie
tie
tie
tie
tie
tie
Alice
tie
Bob
tie
Bob
tie
Bob
tie
tie
tie
tie
tie
Bob
tie
tie
tie
tie
tie
Bob
tie
tie
tie
tie
tie
Alice
tie
tie
tie
Alice
tie
tie
tie
tie
tie
tie
tie
tie
tie
tie
tie
tie
tie
Bob
tie
tie
tie
Bob
tie
Alice
tie
tie
tie
Alice
tie
Alice
tie
tie
Bob
Bob
tie
tie
tie
tie
tie
Alice
tie
tie
tie
tie
tie
Bob
tie
Bob
tie
tie
tie
Alice
tie
tie
tie
tie
Alice
tie
tie
Bob
tie
tie
tie
tie
tie
tie
tie
Alice
tie
Alice
tie
tie
tie
tie
tie
Bob
tie
Alice
tie
tie
tie
Alice
tie
Bob
tie
tie
tie
Bob
tie
tie
tie
tie
tie
tie
tie
tie
Alice
tie
tie
tie
tie
Bob
tie
Bob
tie
Bob
tie
Alice
Bob
Alice
tie
Bob
tie
tie
tie
tie
tie
tie
tie
Bob
tie
Alice
tie
tie
tie
tie
Alice
tie
tie
Bob
tie
tie
tie
tie
tie
tie
tie
Alice
tie
tie
tie
tie
tie
Bob
Bob
tie
tie
tie
tie
Alice
tie
tie
tie
Bob
tie
tie
tie
tie
Alice
Alice
tie
tie
tie
Bob
Bob
tie
tie
tie
Alice
tie
tie
Alice
tie
Bob
tie
tie
tie
Alice
tie
Bob
tie
tie
Alice
tie
tie
tie
tie
Bob
tie
tie
tie
Bob
tie
tie
tie
tie
tie
tie
tie
tie
tie
tie
tie
tie
tie
tie
tie
Bob
tie
tie
tie
tie
Alice
Alice
tie
Bob
tie
tie
tie
tie
tie
tie
tie
tie
Bob
tie
tie
tie
tie
tie
tie
Bob
tie
tie
tie
tie
tie
tie
tie
Alice
tie
Bob
tie
Bob
tie
tie
tie
tie
tie
Alice
tie
tie
tie
tie
Bob
tie
tie
tie
tie
Bob
tie
Alice
tie
tie
tie
tie
tie
tie
tie
tie
tie
tie
tie
Bob
tie
tie
tie
tie
tie
Bob
tie
tie
tie
tie
tie
tie
tie
Bob
tie
tie
tie
Bob
tie
Bob
tie
tie
Alice
Alice
tie
tie
tie
tie
tie
tie
tie
tie
tie
Bob
tie
tie
tie
Bob
tie
tie
tie
Bob
tie
Alice
tie
tie
tie
tie
tie
tie
tie
tie
Alice
Alice
tie
Alice
tie
tie
tie
Alice
tie
Alice
tie
tie
tie
tie
tie
Alice
tie
tie
tie
tie
tie
Alice
tie
tie
tie
tie
tie
Alice
tie
tie
tie
Bob
tie
Alice
tie
tie
tie
tie
tie
tie
Bob
tie
tie
tie
tie
tie
tie
tie
tie
tie
tie
tie
tie
tie
tie
Bob
tie
Bob
tie
tie
tie
tie
tie
tie
tie
tie
tie
Alice
tie
Bob
Bob
tie
tie
Alice
tie
tie
tie
tie
tie
tie
tie
tie
tie
tie
tie
tie
tie
Bob
tie
tie
tie
Alice
tie
Bob
tie
tie
tie
Alice
tie
Bob
tie
tie
tie
Alice
tie
Alice
Alice
Bob
tie
tie
tie
tie
tie
tie
tie
Alice
tie
Bob
tie
tie
tie
tie
tie
tie
tie
tie
Alice
tie
tie
tie
tie
tie
tie
Bob
tie
tie
tie
tie
tie
tie
tie
tie
tie
tie
tie
tie
tie
tie
tie
tie
tie
tie
tie
Bob
tie
tie
tie
Bob
tie
tie
tie
Bob
Alice
tie
tie
tie
tie
Alice
tie
tie
tie
tie
tie
tie
tie
Bob
tie
tie
tie
tie
tie
tie
tie
Bob
tie
tie
tie
Alice
tie
Bob
tie
tie
tie
tie
tie
Alice
tie
tie
tie
Alice
tie
Alice
tie
tie
tie
tie
tie
tie
tie
tie
tie
Alice
tie
Bob
tie
tie
tie
tie
tie
tie
tie
tie
tie
Bob
tie
Alice
tie
tie
tie
tie
tie
tie
tie
tie
tie
tie
tie
Alice
Alice
tie
tie
Alice
tie
Bob
tie
Bob
Alice
tie
tie
tie
tie
Alice
tie
Alice
tie
Bob
tie
tie
tie
tie
tie
tie
tie
tie
tie
Alice
tie
tie
tie
tie
tie
tie
tie
tie
tie
Alice
tie
tie
tie
tie
Alice
tie
tie
tie
tie
tie
tie
tie
Alice
Alice
tie
tie
tie
Alice
tie
Bob
tie
Bob
tie
tie
tie
tie
tie
tie
tie
tie
Bob
tie
tie
tie
tie
Alice
tie
Alice
tie
tie
tie
tie
tie
tie
tie
Alice
tie
tie
tie
Alice
tie
tie
tie
tie
tie
Alice
tie
tie
tie
tie
tie
tie
tie
tie
tie
tie
Alice
Alice
tie
Alice
tie
tie
tie
Alice
tie
tie
tie
tie
tie
tie
tie
tie
tie
tie
tie
tie
tie
Alice
tie
tie
Alice
tie
tie
tie
Alice
tie
tie
Alice
tie
tie
tie
tie
tie
tie
tie
Alice
tie
Alice
tie
tie
tie
tie
tie
tie
tie
tie
tie
Alice
tie
tie
tie
Bob
tie
tie
tie
tie
tie
tie
tie
tie
Bob
tie
tie
tie
tie
Alice
tie
tie
tie
Bob
tie
tie
tie
tie
tie
tie
tie
Bob
tie
tie
tie
tie
tie
tie
tie
tie
Bob
Alice
tie
tie
tie
tie
tie
tie
tie
Alice
tie
tie
tie
tie
tie
tie
tie
tie
Alice
Alice
tie
tie
tie
tie
Alice
tie
tie
tie
tie
Bob
tie
Bob
tie
Bob
tie
Alice
tie
tie
tie
Bob
tie
tie
tie
Bob
tie
Bob
tie
tie
tie
Bob
tie
Alice
tie
Alice
Bob
tie
tie
tie
tie
tie
tie
tie
tie
tie
Bob
Alice
tie
tie
tie
tie
tie
tie
tie
Bob
tie
Bob
tie
tie
tie
tie
tie
Alice
tie
tie
tie
tie
tie
tie
Bob
tie
tie
tie
tie
Alice
tie
tie
Alice
tie
tie
tie
tie
tie
tie
tie
tie
tie
tie
tie
tie
Alice
tie
tie
tie
tie
tie
Bob
tie
tie
tie
Alice
tie
Alice
tie
Bob
tie
tie
Bob
tie
tie
Alice
tie
tie
tie
tie
tie
tie
tie
tie
tie
tie
tie
Bob
tie
tie
tie
tie
tie
tie
tie
tie
tie
Bob
tie
tie
tie
tie
tie
tie
tie
Alice
tie
Alice
tie
tie
tie
Bob
tie
tie
tie
Alice
tie
tie
tie
tie
tie
Alice
tie
tie
tie
tie
tie
tie
tie
Bob
Bob
Alice
Bob
tie
tie
tie
tie
tie
tie
Alice
tie
tie
tie
tie
tie
tie
tie
tie
tie
tie
tie
Alice
tie
tie
tie
tie
tie
Alice
tie
Bob
tie
tie
tie
Bob
tie
tie
tie
Bob
tie
tie
tie
tie
Alice
tie
tie
Alice
tie
tie
tie
tie
tie
Bob
tie
tie
tie
tie
tie
tie
tie
Alice
tie
tie
tie
Bob
tie
Bob
tie
tie
tie
Bob
tie
tie
tie
tie
tie
tie
tie
Bob
tie
tie
tie
tie
tie
tie
tie
tie
Alice
Bob
tie
Alice
Bob
tie
tie
tie
tie
tie
tie
Bob
tie
Alice
tie
Bob
tie
tie
tie
tie
tie
Bob
tie
tie
tie
Bob
tie
tie
Bob
tie
tie
Bob
tie
Bob
tie
tie
tie
tie
tie
Alice
tie
tie
tie
Bob
tie
tie
tie
tie
tie
tie
tie
tie
tie
tie
tie
Alice
tie
tie
tie
Bob
Alice
tie
tie
Bob
tie
tie
tie
tie
tie
tie
tie
tie
tie
Alice
tie
tie
tie
tie
tie
tie
tie
Alice
tie
tie
tie
tie
tie
tie
tie
tie
tie
Alice
tie
tie
tie
Alice
tie
tie
tie
Bob
tie
tie
tie
Alice
tie
tie
tie
tie
tie
Bob
tie
Bob
tie
tie
tie
tie
tie
tie
tie
tie
tie
tie
tie
tie
tie
tie
tie
tie
tie
tie
Bob
tie
tie
Bob
tie
Bob
tie
tie
tie
Bob
tie
Bob
tie
Alice
Alice
Alice
tie
tie
tie
tie
tie
tie
tie
tie
tie
tie
tie
Bob
tie
tie
tie
tie
tie
tie
tie
Alice
tie
tie
Alice
Alice
tie
Bob
tie
tie
tie
Bob
tie
tie
tie
tie
Bob
Bob
tie
Alice
tie
tie
Bob
Alice
tie
Bob
tie
tie
tie
tie
tie
tie
Bob
tie
tie
Alice
tie
Bob
tie
tie
tie
tie
tie
tie
Bob
tie
tie
Bob
tie
tie
tie
tie
tie
tie
tie
Alice
tie
tie
tie
Alice
tie
tie
tie
tie
tie
Bob
tie
tie
tie
tie
tie
Alice
tie
tie
tie
tie
tie
Bob
tie
Bob
tie
Bob
tie
tie
tie
Alice
tie
tie
tie
Bob
tie
Alice
tie
tie
tie
Alice
tie
tie
tie
Alice
tie
Alice
tie
tie
tie
Alice
tie
tie
tie
Alice
tie
tie
Alice
tie
tie
tie
Alice
tie
tie
tie
tie
Alice
tie
tie
Bob
tie
tie
Alice
tie
tie
tie
tie
tie
tie
Alice
tie
tie
Alice
tie
tie
tie
tie
tie
tie
tie
tie
tie
tie
tie
Alice
tie
Alice
tie
tie
tie
tie
tie
Alice
tie
Bob
tie
Alice
tie
tie
tie
tie
tie
Bob
tie
Bob
tie
tie
tie
tie
tie
Bob
tie
tie
tie
Bob
tie
tie
tie
tie
tie
tie
tie
tie
tie
tie
Bob
Bob
tie
tie
tie
tie
tie
Bob
tie
tie
tie
Bob
tie
tie
tie
Bob
Bob
tie
tie
tie
tie
Alice
tie
tie
Bob
tie
tie
Bob
tie
tie
tie
Bob
tie
tie
tie
tie
tie
Alice
tie
tie
tie
tie
tie
tie
tie
Alice
tie
tie
tie
Bob
tie
Alice
tie
tie
tie
Alice
tie
Bob
tie
tie
tie
tie
tie
tie
tie
tie
tie
Bob
tie
Bob
tie
tie
tie
Alice
tie
Alice
tie
tie
tie
Bob
tie
Bob
tie
tie
tie
tie
tie
Alice
tie
tie
tie
Alice
tie
Bob
tie
tie
tie
Alice
tie
tie
tie
Bob
tie
tie
tie
tie
tie
tie
tie
tie
tie
tie
tie
tie
tie
tie
tie
Bob
tie
tie
Bob
Alice
tie
tie
tie
tie
tie
tie
tie
Alice
tie
tie
tie
tie
tie
Bob
Alice
tie
tie
tie
tie
Alice
tie
tie
tie
tie
tie
tie
tie
tie
tie
Alice
tie
Alice
tie
tie
tie
tie
tie
Alice
tie
Alice
tie
tie
tie
tie
tie
Bob
tie
tie
tie
Alice
tie
tie
Bob
Bob
tie
Bob
tie
tie
tie
Bob
tie
tie
tie
tie
tie
tie
tie
tie
Bob
Alice
Bob
tie
tie
Alice
tie
tie
tie
Alice
tie
Bob
tie
tie
tie
tie
tie
Bob
tie
tie
Alice
tie
tie
tie
Bob
tie
Bob
Bob
tie
tie
tie
tie
tie
tie
tie
Alice
tie
tie
tie
tie
tie
Alice
tie
tie
tie
Alice
tie
tie
tie
tie
tie
Bob
tie
tie
tie
tie
Alice
tie
tie
Bob
tie
tie
tie
Alice
tie
Bob
Bob
tie
tie
tie
tie
tie
Alice
tie
tie
tie
tie
tie
tie
tie
tie
Bob
tie
tie
tie
tie
tie
Alice
tie
tie
tie
tie
tie
tie
tie
tie
tie
tie
tie
Bob
tie
Bob
tie
tie
tie
Alice
tie
Alice
tie
tie
tie
tie
tie
tie
tie
tie
tie
tie
tie
Bob
tie
tie
Alice
tie
tie
tie
tie
Bob
tie
Bob
tie
Alice
tie
tie
tie
Bob
tie
tie
tie
tie
tie
tie
tie
tie
tie
tie
tie
Bob
tie
tie
tie
tie
tie
tie
tie
Alice
Alice
tie
tie
Alice
tie
Bob
Alice
tie
tie
tie
tie
Alice
tie
tie
tie
tie
tie
tie
tie
tie
tie
tie
tie
tie
Alice
tie
tie
tie
tie
tie
tie
tie
tie
Alice
tie
Alice
tie
tie
tie
Bob
tie
Bob
tie
tie
tie
tie
tie
Bob
tie
tie
tie
tie
tie
Alice
tie
Alice
tie
tie
tie
Alice
tie
tie
tie
Bob
tie
tie
tie
tie
Alice
Bob
tie
tie
tie
tie
tie
Alice
tie
tie
tie
tie
tie
Bob
tie
Alice
Alice
Bob
tie
tie
tie
tie
tie
Bob
tie
tie
tie
Bob
tie
tie
tie
Bob
tie
Alice
tie
tie
tie
tie
tie
tie
tie
tie
Bob
tie
tie
Alice
tie
tie
tie
Alice
tie
Bob
Bob
tie
tie
Alice
tie
Alice
tie
tie
tie
Alice
tie
Bob
tie
tie
tie
tie
tie
Alice
tie
tie
tie
Alice
tie
tie
tie
Alice
tie
Alice
tie
tie
tie
tie
tie
Alice
tie
tie
tie
tie
tie
Alice
tie
Bob
tie
tie
tie
tie
tie
tie
tie
tie
tie
tie
tie
tie
tie
Alice
tie
tie
tie
Alice
tie
tie
tie
Bob
tie
Bob
tie
tie
tie
Bob
tie
tie
tie
tie
tie
tie
tie
Alice
tie
tie
tie
Bob
tie
Alice
tie
tie
tie
tie
tie
Alice
tie
tie
tie
Bob
tie
Bob
tie
tie
tie
tie
tie
tie
tie
Alice
tie
tie
tie
Bob
tie
tie
tie
Bob
tie
tie
tie
tie
Alice
tie
tie
Alice
tie
tie
tie
Alice
tie
tie
tie
tie
Alice
Alice
tie
Bob
tie
tie
tie
Bob
tie
tie
tie
tie
tie
Alice
tie
tie
tie
tie
tie
tie
tie
Bob
Bob
tie
tie
Bob
tie
tie
tie
tie
tie
Alice
tie
Alice
tie
tie
tie
Alice
tie
tie
Alice
tie
tie
Alice
tie
Bob
tie
tie
tie
Bob
tie
tie
Bob
Bob
tie
Bob
tie
tie
tie
tie
tie
tie
tie
tie
tie
Alice
tie
Bob
tie
tie
Bob
tie
tie
Alice
tie
Bob
tie
tie
tie
tie
tie
Alice
tie
tie
tie
tie
tie
Bob
Alice
tie
tie
tie
tie
Alice
tie
tie
Bob
tie
tie
tie
tie
tie
tie
Alice
tie
tie
tie
tie
tie
tie
tie
tie
tie
tie
tie
Alice
tie
Alice
tie
tie
Bob
Alice
tie
Alice
tie
tie
tie
tie
tie
tie
tie
tie
tie
tie
tie
tie
tie
tie
tie
tie
tie
tie
tie
tie
tie
Alice
tie
Bob
Bob
tie
tie
Alice
tie
Bob
tie
tie
tie
tie
tie
tie
tie
tie
tie
tie
tie
Bob
Bob
tie
tie
Alice
tie
tie
tie
Alice
tie
Alice
tie
tie
tie
tie
tie
Alice
tie
Bob
tie
tie
tie
Alice
tie
Bob
tie
Bob
tie
tie
tie
Alice
tie
tie
tie
tie
tie
tie
tie
tie
tie
tie
tie
Bob
tie
tie
tie
tie
tie
Alice
tie
tie
tie
Alice
tie
tie
Bob
tie
tie
tie
tie
Bob
tie
Alice
Bob
tie
tie
Bob
tie
tie
tie
tie
tie
tie
tie
tie
tie
Alice
tie
Bob
tie
tie
tie
tie
tie
tie
tie
tie
tie
Alice
tie
Alice
tie
tie
tie
tie
tie
tie
Alice
tie
tie
tie
tie
Bob
Alice
tie
tie
tie
tie
Bob
tie
tie
tie
Alice
tie
tie
tie
tie
tie
Bob
tie
Alice
tie
tie
tie
tie
tie
tie
tie
tie
tie
Bob
tie
Alice
tie
tie
tie
Bob
tie
tie
tie
tie
tie
tie
tie
Bob
tie
tie
Bob
Alice
tie
tie
tie
tie
Bob
tie
tie
Alice
tie
tie
tie
tie
tie
Alice
tie
tie
tie
Bob
tie
Bob
tie
tie
tie
Bob
tie
Alice
Bob
tie
tie
tie
tie
Alice
tie
tie
tie
tie
tie
tie
Bob
tie
tie
Alice
tie
Alice
tie
tie
tie
tie
tie
tie
tie
tie
tie
tie
tie
tie
tie
Bob
tie
tie
tie
tie
Bob
tie
tie
tie
tie
tie
tie
Alice
tie
Alice
tie
Alice
tie
tie
tie
tie
tie
tie
tie
tie
tie
Bob
tie
tie
tie
tie
tie
Bob
tie
tie
Bob
tie
tie
tie
tie
Bob
tie
tie
tie
Bob
tie
Bob
tie
tie
tie
Alice
tie
Bob
tie
tie
tie
tie
tie
tie
tie
Bob
tie
tie
tie
tie
tie
tie
tie
Alice
tie
Alice
tie
tie
tie
tie
tie
tie
Bob
tie
tie
Alice
tie
tie
tie
tie
tie
tie
tie
tie
Alice
tie
tie
Alice
tie
tie
tie
tie
tie
tie
tie
Bob
Bob
tie
tie
tie
tie
Alice
tie
tie
Alice
Bob
tie
Bob
tie
Bob
tie
Bob
tie
tie
tie
tie
tie
Alice
tie
tie
tie
tie
tie
tie
tie
tie
tie
tie
tie
Alice
tie
tie
tie
tie
tie
Alice
tie
Alice
tie
tie
tie
tie
tie
Bob
tie
tie
tie
tie
tie
Bob
tie
tie
tie
tie
tie
tie
Bob
Alice
tie
Bob
tie
tie
tie
tie
tie
Alice
tie
Alice
tie
tie
tie
Alice
tie
tie
tie
Alice
tie
Alice
tie
Alice
tie
tie
tie
tie
tie
Bob
tie
Bob
tie
Alice
tie
Bob
tie
tie
tie
Bob
tie
tie
tie
tie
tie
tie
tie
tie
tie
tie
tie
tie
tie
Alice
tie
tie
tie
tie
tie
Alice
tie
tie
tie
Bob
tie
Bob
tie
tie
tie
tie
tie
tie
tie
tie
tie
Bob
tie
tie
tie
tie
Alice
Alice
tie
tie
tie
tie
tie
tie
tie
Bob
tie
Alice
tie
tie
tie
Bob
tie
tie
Alice
Alice
tie
Bob
tie
tie
tie
Bob
tie
tie
tie
Alice
tie
Bob
tie
Alice
tie
Bob
tie
tie
tie
tie
Bob
Bob
tie
tie
tie
tie
tie
tie
tie
tie
tie
tie
tie
tie
tie
Bob
tie
Alice
tie
tie
tie
tie
tie
Alice
tie
tie
tie
tie
tie
Bob
tie
tie
tie
Bob
tie
tie
tie
tie
tie
Bob
tie
Bob
tie
tie
tie
Bob
tie
tie
tie
Alice
tie
tie
tie
Bob
tie
tie
Bob
tie
tie
Alice
tie
tie
tie
Alice
tie
Alice
tie
tie
tie
tie
tie
Bob
tie
tie
tie
Bob
tie
tie
tie
tie
tie
tie
tie
Alice
tie
Bob
tie
tie
tie
tie
tie
tie
tie
Bob
tie
Bob
tie
tie
tie
Alice
tie
Alice
tie
tie
tie
Alice
tie
tie
tie
Bob
tie
Alice
tie
tie
tie
tie
tie
tie
tie
Bob
tie
Alice
tie
tie
tie
Alice
tie
tie
tie
tie
tie
Bob
tie
tie
tie
tie
tie
tie
tie
tie
tie
tie
tie
Alice
Bob
tie
tie
Bob
tie
Bob
tie
tie
tie
Bob
tie
tie
tie
tie
tie
Bob
tie
tie
tie
Bob
tie
Bob
tie
tie
tie
tie
Bob
Alice
tie
tie
tie
Alice
Bob
tie
tie
tie
tie
Alice
tie
Bob
tie
Alice
tie
tie
tie
Bob
tie
tie
tie
tie
tie
Alice
tie
tie
tie
tie
tie
tie
tie
tie
tie
tie
tie
Alice
tie
Bob
tie
Bob
tie
Alice
tie
tie
tie
tie
tie
Alice
tie
Alice
tie
tie
tie
tie
tie
tie
tie
tie
tie
tie
tie
Alice
tie
Alice
tie
tie
tie
Alice
tie
tie
tie
tie
tie
tie
tie
tie
tie
tie
tie
Alice
tie
tie
tie
Alice
tie
tie
tie
tie
Alice
tie
tie
Alice
tie
tie
tie
tie
tie
tie
tie
tie
tie
Alice
tie
Alice
tie
tie
tie
Bob
tie
Bob
tie
tie
tie
Alice
tie
Bob
tie
tie
tie
Bob
tie
tie
tie
tie
Alice
tie
tie
tie
tie
tie
tie
Alice
tie
Alice
tie
tie
tie
Alice
tie
tie
tie
tie
Bob
tie
tie
tie
tie
Alice
tie
tie
tie
Bob
tie
tie
tie
tie
tie
tie
tie
tie
tie
Bob
tie
Bob
tie
tie
tie
Alice
tie
Bob
tie
tie
tie
Bob
tie
tie
tie
tie
tie
Alice
tie
tie
tie
tie
tie
Alice
tie
Bob
tie
tie
tie
Bob
tie
Bob
tie
tie
tie
tie
tie
Bob
tie
tie
tie
Bob
tie
tie
tie
tie
tie
Alice
tie
tie
tie
Alice
tie
tie
tie
Alice
tie
Alice
tie
tie
tie
tie
tie
tie
tie
tie
tie
Bob
tie
tie
tie
Bob
tie
tie
tie
tie
tie
tie
tie
tie
tie
tie
tie
tie
tie
Bob
Alice
tie
tie
tie
tie
tie
tie
tie
tie
Bob
tie
Alice
tie
tie
Alice
Alice
tie
Alice
tie
tie
tie
Bob
tie
tie
tie
tie
tie
tie
tie
tie
tie
tie
tie
tie
tie
Alice
tie
tie
tie
tie
tie
Bob
tie
tie
tie
tie
tie
tie
tie
tie
tie
Alice
tie
Alice
tie
Bob
tie
tie
tie
Bob
tie
tie
tie
Alice
tie
tie
tie
tie
tie
Alice
tie
Alice
tie
tie
tie
tie
tie
tie
tie
tie
tie
Alice
tie
tie
tie
tie
tie
tie
tie
tie
tie
Alice
tie
Alice
tie
Bob
tie
tie
tie
tie
tie
tie
tie
tie
tie
Alice
tie
Alice
Bob
tie
tie
tie
tie
Bob
tie
tie
Bob
tie
tie
Alice
tie
tie
tie
Alice
tie
tie
Bob
tie
tie
Bob
tie
tie
tie
tie
tie
tie
tie
tie
tie
tie
tie
Bob
tie
Bob
tie
tie
tie
tie
tie
Bob
tie
tie
tie
Bob
tie
tie
tie
tie
tie
Alice
tie
tie
tie
tie
tie
Bob
tie
tie
tie
tie
tie
Alice
tie
tie
tie
tie
Bob
tie
tie
Bob
tie
Bob
tie
Alice
tie
tie
tie
tie
tie
Alice
tie
tie
tie
tie
tie
Alice
tie
tie
tie
tie
tie
Bob
tie
tie
tie
Bob
tie
Alice
tie
Alice
tie
tie
tie
tie
tie
tie
tie
tie
tie
Bob
tie
tie
tie
tie
tie
Bob
tie
tie
tie
tie
tie
Alice
tie
Bob
tie
tie
tie
tie
tie
Bob
Alice
tie
tie
tie
tie
Alice
Alice
tie
tie
Alice
tie
tie
tie
tie
tie
tie
tie
tie
tie
tie
tie
Bob
tie
Alice
tie
tie
tie
tie
tie
Alice
Bob
tie
tie
Alice
tie
Bob
tie
tie
tie
tie
tie
Alice
tie
tie
tie
Alice
tie
tie
Bob
tie
tie
Alice
tie
Alice
tie
tie
tie
tie
tie
tie
tie
tie
tie
Alice
tie
tie
tie
tie
tie
Bob
tie
Alice
tie
tie
tie
tie
tie
tie
tie
tie
tie
tie
tie
tie
tie
tie
tie
tie
tie
Alice
tie
tie
tie
Bob
tie
tie
Alice
tie
tie
Bob
tie
Alice
tie
tie
Bob
Bob
tie
tie
tie
tie
tie
Bob
tie
Alice
tie
tie
tie
tie
tie
Bob
tie
tie
tie
Alice
tie
Bob
tie
tie
tie
tie
tie
tie
tie
tie
tie
tie
tie
Bob
tie
tie
tie
tie
tie
tie
Alice
tie
tie
tie
tie
Alice
tie
tie
tie
tie
tie
Bob
Alice
tie
tie
Alice
tie
Bob
tie
tie
tie
Bob
tie
tie
tie
Bob
tie
tie
tie
Alice
Bob
tie
tie
tie
tie
tie
tie
tie
tie
tie
tie
Bob
tie
tie
tie
Bob
tie
Alice
tie
tie
tie
Bob
tie
tie
tie
tie
tie
tie
tie
Alice
Bob
tie
tie
tie
tie
Bob
tie
tie
tie
tie
tie
Bob
tie
tie
tie
tie
tie
tie
tie
tie
tie
Alice
tie
tie
tie
tie
tie
tie
tie
Bob
tie
tie
tie
tie
tie
Bob
tie
tie
tie
Bob
tie
tie
tie
tie
tie
Alice
tie
tie
tie
tie
Alice
tie
tie
tie
tie
tie
Alice
Bob
tie
Bob
Alice
tie
tie
tie
tie
tie
tie
Bob
tie
Bob
tie
Bob
tie
tie
tie
Alice
tie
tie
tie
tie
tie
tie
tie
tie
tie
tie
tie
Alice
tie
Bob
tie
tie
tie
tie
tie
Alice
tie
Bob
tie
Alice
tie
tie
tie
tie
tie
Bob
tie
tie
tie
tie
tie
Alice
tie
Alice
tie
tie
Bob
Bob
tie
Bob
tie
tie
tie
tie
tie
Bob
tie
tie
tie
tie
tie
Alice
tie
tie
tie
tie
tie
Bob
tie
tie
tie
Alice
tie
tie
tie
tie
tie
Alice
tie
tie
tie
tie
Alice
Alice
tie
Bob
tie
tie
tie
Alice
tie
tie
tie
tie
tie
tie
tie
Alice
tie
tie
tie
Bob
tie
tie
tie
tie
tie
tie
tie
tie
tie
tie
tie
tie
tie
tie
tie
tie
tie
Alice
tie
tie
tie
tie
tie
Bob
tie
tie
tie
tie
Alice
tie
tie
tie
Bob
tie
tie
Alice
tie
tie
tie
tie
tie
Alice
tie
tie
tie
tie
tie
Alice
tie
Bob
tie
tie
tie
tie
tie
Bob
tie
tie
tie
Alice
tie
tie
tie
tie
Alice
tie
tie
Bob
tie
tie
tie
tie
tie
tie
tie
tie
tie
tie
tie
tie
tie
tie
tie
Bob
tie
tie
tie
tie
tie
tie
tie
tie
tie
Alice
Bob
Bob
tie
Bob
tie
tie
tie
tie
tie
Alice
tie
tie
tie
tie
tie
Bob
tie
tie
tie
Alice
tie
Bob
tie
tie
tie
tie
tie
Alice
tie
Alice
tie
Alice
tie
Alice
tie
Bob
tie
tie
tie
Bob
tie
tie
tie
tie
tie
Bob
tie
tie
tie
tie
tie
tie
tie
Bob
tie
Bob
tie
tie
tie
tie
tie
Bob
tie
Alice
tie
tie
tie
tie
tie
Bob
tie
tie
tie
Bob
tie
Alice
tie
tie
tie
Alice
tie
tie
tie
tie
tie
Alice
tie
tie
tie
tie
tie
Alice
tie
Bob
tie
tie
tie
tie
tie
Alice
tie
tie
tie
tie
tie
tie
tie
tie
tie
tie
tie
Bob
tie
tie
tie
tie
tie
tie
tie
tie
tie
tie
tie
Bob
tie
tie
tie
tie
tie
Bob
tie
tie
tie
tie
tie
Alice
tie
tie
tie
tie
tie
Bob
tie
tie
tie
Bob
tie
tie
tie
tie
Alice
Alice
tie
tie
tie
tie
tie
tie
tie
tie
tie
tie
tie
tie
tie
tie
tie
tie
tie
Bob
tie
tie
tie
tie
tie
Bob
tie
tie
tie
tie
tie
Alice
tie
tie
tie
tie
tie
tie
tie
tie
tie
tie
tie
tie
tie
Bob
tie
tie
tie
Alice
tie
Alice
tie
tie
tie
tie
tie
Bob
tie
Alice
Bob
Alice
tie
tie
tie
tie
tie
tie
tie
tie
tie
tie
tie
Alice
tie
Alice
tie
tie
tie
tie
tie
tie
tie
tie
tie
tie
tie
tie
Bob
Alice
tie
tie
tie
Bob
tie
tie
tie
tie
tie
tie
tie
tie
tie
tie
tie
Bob
Bob
tie
tie
tie
tie
tie
tie
Bob
Alice
Bob
tie
tie
tie
tie
tie
Bob
tie
Alice
tie
tie
tie
Bob
tie
tie
Alice
tie
tie
tie
tie
tie
Bob
tie
tie
tie
tie
Bob
tie
tie
Alice
Alice
tie
tie
tie
Alice
tie
Alice
tie
tie
tie
Bob
tie
tie
tie
Bob
tie
tie
tie
Bob
tie
Alice
tie
tie
tie
tie
tie
Bob
tie
tie
tie
tie
tie
tie
Alice
tie
tie
tie
tie
tie
tie
tie
tie
tie
tie
Alice
tie
tie
tie
Bob
tie
Bob
tie
tie
tie
Bob
tie
tie
tie
tie
Alice
tie
tie
tie
tie
tie
Alice
tie
tie
tie
tie
tie
tie
tie
tie
tie
tie
tie
tie
tie
tie
Alice
tie
tie
tie
Bob
tie
Bob
tie
tie
tie
Alice
tie
tie
tie
tie
tie
tie
tie
Bob
tie
tie
tie
Bob
tie
Bob
tie
tie
tie
Bob
tie
Bob
tie
tie
tie
Alice
tie
Alice
tie
tie
Alice
Bob
tie
tie
Alice
tie
tie
Bob
tie
Bob
tie
Bob
tie
tie
tie
tie
tie
tie
tie
Bob
tie
tie
tie
tie
tie
Bob
tie
Alice
tie
tie
tie
tie
tie
tie
tie
tie
tie
Bob
tie
Bob
tie
tie
tie
tie
tie
Bob
tie
tie
tie
Alice
tie
tie
tie
tie
tie
tie
tie
tie
tie
tie
tie
Alice
tie
Bob
tie
tie
tie
Bob
tie
Bob
tie
tie
tie
tie
tie
tie
tie
tie
tie
tie
tie
Alice
tie
tie
Alice
tie
tie
tie
tie
tie
tie
tie
tie
tie
tie
tie
tie
tie
tie
tie
Alice
Bob
tie
tie
tie
Bob
tie
tie
tie
tie
tie
Alice
tie
tie
tie
Alice
tie
Bob
tie
tie
tie
Bob
tie
tie
tie
tie
tie
tie
tie
Bob
tie
tie
tie
tie
tie
Alice
tie
Bob
tie
Alice
tie
tie
tie
tie
tie
Alice
tie
Bob
tie
Bob
tie
tie
tie
tie
Bob
tie
tie
Alice
tie
tie
tie
tie
tie
Alice
tie
Bob
tie
tie
tie
tie
tie
Alice
tie
tie
tie
Bob
tie
tie
tie
Bob
tie
Bob
tie
tie
tie
tie
tie
tie
tie
tie
tie
tie
tie
tie
tie
Alice
tie
tie
tie
Bob
tie
Alice
tie
tie
tie
Bob
tie
tie
tie
tie
tie
tie
tie
tie
tie
tie
Alice
Alice
tie
tie
tie
tie
tie
Bob
tie
tie
tie
tie
tie
Bob
tie
Bob
tie
tie
tie
tie
tie
Bob
tie
tie
tie
tie
tie
Alice
tie
tie
tie
tie
tie
Bob
tie
Bob
tie
tie
tie
Alice
tie
tie
tie
tie
tie
Alice
tie
tie
tie
tie
tie
tie
tie
tie
tie
Alice
tie
tie
tie
tie
tie
Alice
tie
Bob
tie
tie
tie
tie
tie
tie
tie
tie
tie
Alice
tie
Alice
tie
tie
tie
tie
tie
Bob
tie
Alice
tie
Alice
tie
tie
tie
tie
Alice
tie
tie
tie
tie
tie
Bob
tie
tie
Alice
tie
tie
tie
Alice
tie
tie
tie
tie
tie
tie
tie
tie
tie
tie
tie
tie
tie
tie
tie
tie
Alice
tie
tie
Alice
tie
Alice
tie
tie
tie
Bob
tie
tie
tie
Bob
tie
tie
Alice
tie
tie
Alice
tie
Alice
tie
tie
tie
Bob
tie
tie
tie
tie
tie
Bob
tie
Alice
tie
tie
tie
tie
tie
tie
tie
tie
tie
Alice
tie
Bob
tie
tie
tie
Bob
tie
Bob
tie
tie
tie
Bob
tie
tie
tie
tie
tie
Bob
tie
tie
tie
tie
tie
tie
tie
Bob
tie
tie
tie
Alice
tie
Alice
tie
tie
tie
tie
tie
tie
tie
tie
tie
tie
tie
Bob
tie
tie
tie
Bob
tie
Bob
tie
tie
tie
tie
tie
tie
Bob
tie
tie
Bob
tie
tie
tie
tie
tie
Alice
tie
Alice
tie
tie
tie
Alice
tie
tie
tie
Alice
tie
tie
tie
Alice
tie
tie
tie
tie
tie
tie
tie
tie
tie
tie
tie
Bob
tie
tie
Bob
Alice
tie
Bob
tie
Alice
tie
Alice
tie
tie
tie
tie
tie
Alice
tie
Alice
tie
tie
tie
tie
tie
Alice
Alice
tie
tie
Alice
tie
Alice
tie
tie
Alice
tie
tie
Alice
tie
tie
tie
tie
tie
tie
Bob
Alice
tie
tie
tie
tie
Alice
tie
tie
Bob
tie
Bob
tie
tie
tie
Bob
tie
Bob
tie
tie
tie
Alice
tie
Alice
tie
tie
tie
Alice
tie
tie
tie
tie
tie
tie
tie
tie
tie
tie
tie
Alice
tie
Alice
tie
tie
tie
Bob
tie
Bob
Bob
tie
Alice
Alice
tie
Alice
tie
tie
Alice
tie
tie
tie
tie
tie
Alice
Alice
tie
Alice
tie
tie
tie
tie
tie
Alice
tie
tie
tie
tie
tie
tie
tie
tie
tie
tie
tie
tie
tie
tie
Bob
Bob
tie
tie
tie
tie
tie
Bob
tie
Bob
tie
tie
tie
tie
tie
tie
tie
tie
tie
Bob
tie
Alice
tie
tie
tie
tie
tie
tie
tie
tie
tie
tie
tie
tie
Bob
tie
tie
tie
tie
Alice
Alice
Alice
tie
Bob
tie
Alice
tie
tie
tie
tie
tie
Bob
tie
tie
tie
Alice
tie
Bob
tie
tie
Alice
Alice
tie
tie
tie
Alice
tie
tie
tie
tie
tie
Alice
tie
tie
tie
tie
Alice
tie
tie
tie
tie
tie
tie
tie
Bob
Bob
tie
tie
tie
Alice
tie
Alice
tie
Alice
tie
tie
tie
Alice
tie
tie
Bob
tie
tie
tie
tie
Bob
tie
tie
tie
Bob
tie
Bob
tie
tie
tie
tie
tie
tie
tie
tie
tie
tie
tie
tie
tie
tie
tie
Bob
tie
tie
tie
tie
tie
tie
tie
Bob
tie
tie
tie
tie
tie
tie
tie
tie
Bob
Bob
tie
tie
tie
tie
tie
Alice
tie
tie
tie
tie
tie
Bob
tie
tie
tie
tie
Alice
tie
tie
tie
tie
tie
tie
tie
tie
Bob
tie
tie
tie
Bob
tie
tie
tie
tie
tie
Alice
tie
tie
Alice
tie
Bob
Alice
tie
tie
tie
tie
tie
tie
tie
Alice
tie
Bob
tie
tie
tie
Bob
tie
tie
tie
tie
tie
Alice
tie
tie
tie
Alice
tie
tie
tie
tie
Bob
Bob
tie
Alice
tie
Alice
tie
tie
tie
Bob
tie
tie
tie
Bob
tie
tie
Bob
tie
tie
tie
tie
Alice
tie
Bob
tie
tie
tie
Alice
tie
tie
tie
tie
tie
tie
tie
tie
Alice
tie
tie
Bob
tie
tie
tie
Bob
tie
Bob
tie
tie
tie
Alice
tie
Bob
tie
tie
tie
Bob
tie
tie
tie
Alice
tie
Bob
tie
tie
tie
tie
tie
tie
tie
tie
tie
Bob
tie
Bob
tie
tie
tie
tie
tie
Bob
tie
tie
tie
tie
Alice
tie
tie
Bob
tie
tie
tie
Bob
tie
tie
tie
tie
tie
Alice
tie
Alice
tie
Alice
tie
Alice
tie
Bob
tie
tie
tie
tie
tie
Alice
tie
tie
Alice
tie
tie
tie
tie
tie
tie
Bob
tie
Bob
Bob
Bob
tie
Alice
tie
tie
tie
tie
tie
Bob
tie
Alice
tie
tie
tie
Bob
tie
Alice
tie
tie
tie
tie
tie
tie
tie
tie
tie
tie
tie
Bob
Alice
tie
Alice
tie
tie
Bob
tie
tie
tie
tie
tie
tie
tie
tie
Bob
Bob
tie
Alice
tie
tie
tie
Bob
tie
tie
tie
tie
Alice
Alice
tie
Alice
tie
Bob
tie
tie
tie
tie
tie
tie
tie
tie
tie
tie
tie
tie
tie
Bob
tie
tie
tie
tie
tie
tie
tie
tie
tie
tie
tie
tie
tie
Alice
tie
tie
tie
tie
tie
Alice
tie
tie
tie
Bob
tie
Alice
tie
tie
tie
tie
tie
Alice
tie
tie
tie
tie
tie
tie
tie
tie
tie
Alice
tie
Bob
Bob
tie
tie
tie
tie
tie
tie
Alice
tie
Alice
tie
tie
tie
tie
tie
Bob
tie
tie
tie
tie
tie
Bob
tie
tie
tie
tie
tie
Alice
tie
Bob
tie
tie
Alice
tie
tie
Alice
tie
tie
tie
Alice
tie
Bob
tie
tie
tie
tie
tie
tie
tie
tie
tie
Alice
tie
tie
tie
Alice
tie
Bob
tie
Alice
Bob
tie
Bob
tie
tie
tie
tie
Alice
tie
tie
tie
Alice
tie
tie
tie
tie
tie
tie
tie
tie
tie
tie
tie
tie
tie
tie
tie
Bob
tie
tie
tie
tie
Alice
Alice
tie
tie
tie
tie
tie
Alice
tie
Bob
Alice
tie
tie
tie
tie
Alice
tie
tie
tie
Alice
tie
tie
tie
tie
tie
tie
tie
tie
tie
tie
tie
Bob
tie
Bob
tie
tie
tie
tie
tie
tie
tie
tie
tie
tie
tie
tie
tie
Alice
Alice
tie
tie
Bob
Alice
tie
tie
Bob
tie
Bob
tie
tie
tie
tie
tie
tie
tie
tie
tie
Alice
tie
tie
tie
tie
tie
tie
tie
Bob
tie
tie
tie
tie
tie
tie
tie
tie
tie
Bob
tie
Alice
tie
tie
tie
Bob
tie
Alice
tie
tie
tie
tie
tie
tie
tie
tie
tie
tie
tie
tie
tie
tie
tie
tie
tie
tie
tie
tie
Bob
Bob
tie
tie
tie
tie
tie
tie
tie
tie
Bob
tie
tie
Bob
tie
Bob
tie
tie
tie
Bob
tie
tie
tie
tie
tie
Alice
tie
tie
tie
tie
tie
Alice
tie
tie
tie
tie
tie
tie
tie
Alice
tie
Bob
tie
tie
tie
Alice
tie
tie
tie
Alice
tie
tie
tie
tie
tie
Bob
tie
tie
tie
tie
tie
Alice
tie
Alice
tie
tie
tie
tie
tie
tie
Bob
tie
tie
tie
tie
tie
tie
tie
tie
tie
tie
tie
tie
tie
tie
tie
tie
tie
tie
tie
Alice
Alice
tie
tie
tie
Bob
tie
tie
tie
Bob
tie
tie
tie
tie
tie
Alice
Alice
tie
tie
Bob
tie
Bob
tie
tie
tie
Alice
tie
tie
tie
tie
Bob
tie
tie
Alice
tie
tie
Alice
Alice
tie
Alice
tie
tie
tie
Alice
tie
tie
Bob
tie
tie
Alice
tie
tie
tie
tie
Bob
Alice
tie
tie
tie
tie
tie
Alice
tie
tie
Bob
tie
tie
tie
tie
Alice
Bob
tie
tie
tie
tie
Alice
tie
tie
tie
Bob
tie
tie
tie
tie
tie
tie
tie
tie
tie
Bob
tie
Alice
tie
tie
tie
tie
tie
Bob
tie
tie
tie
tie
tie
tie
tie
Alice
tie
tie
tie
Alice
tie
tie
tie
tie
tie
tie
tie
tie
tie
tie
tie
tie
tie
Bob
tie
tie
Alice
tie
tie
tie
tie
tie
tie
Alice
tie
Alice
tie
tie
tie
tie
tie
tie
tie
tie
tie
Bob
tie
tie
tie
tie
tie
Bob
tie
Bob
tie
tie
tie
tie
tie
Bob
tie
tie
tie
Alice
tie
Bob
tie
tie
tie
Bob
tie
Bob
tie
Bob
tie
tie
tie
tie
tie
tie
tie
tie
tie
Alice
tie
tie
tie
tie
tie
Bob
tie
tie
tie
Alice
tie
Alice
Bob
tie
tie
Bob
tie
Alice
tie
tie
tie
Bob
tie
tie
Bob
tie
tie
tie
tie
tie
Bob
tie
tie
Bob
tie
Alice
tie
Bob
tie
Bob
tie
Bob
tie
tie
tie
tie
tie
Alice
tie
tie
tie
tie
tie
tie
tie
tie
Alice
tie
tie
Alice
tie
tie
Alice
tie
tie
tie
tie
tie
tie
Alice
tie
tie
Alice
tie
tie
tie
tie
Alice
tie
Alice
tie
tie
tie
tie
tie
tie
tie
tie
tie
tie
tie
Bob
tie
tie
tie
Alice
tie
tie
tie
tie
tie
Alice
tie
tie
Bob
Alice
tie
Alice
tie
tie
tie
tie
tie
tie
tie
tie
tie
Bob
tie
tie
tie
tie
tie
tie
tie
Bob
tie
tie
tie
Bob
tie
tie
tie
tie
tie
Alice
tie
Alice
tie
tie
tie
tie
tie
tie
tie
tie
tie
Alice
tie
tie
tie
tie
Alice
tie
tie
Bob
tie
Bob
tie
Alice
tie
tie
tie
tie
tie
Alice
tie
tie
tie
tie
tie
Bob
tie
Alice
Alice
tie
tie
tie
tie
tie
Alice
tie
tie
tie
tie
Alice
tie
tie
tie
Alice
tie
Bob
tie
tie
tie
tie
tie
tie
tie
tie
Alice
tie
tie
tie
tie
Alice
tie
Alice
tie
Bob
tie
tie
tie
tie
tie
Alice
tie
Bob
tie
tie
tie
Bob
tie
tie
tie
tie
tie
tie
tie
tie
tie
Bob
tie
tie
tie
tie
tie
tie
tie
tie
tie
tie
tie
tie
tie
Bob
tie
tie
tie
tie
tie
Alice
tie
tie
tie
Bob
tie
Bob
tie
tie
tie
Bob
tie
tie
tie
tie
tie
tie
tie
Alice
tie
tie
tie
tie
tie
tie
tie
Bob
tie
tie
tie
Bob
tie
tie
tie
tie
tie
Bob
tie
tie
tie
Bob
tie
tie
tie
tie
tie
Alice
tie
Bob
tie
tie
tie
tie
tie
tie
tie
tie
tie
tie
tie
tie
tie
tie
tie
Alice
tie
tie
tie
Alice
tie
Alice
tie
tie
Bob
Bob
tie
Alice
tie
tie
tie
tie
Bob
Bob
tie
tie
tie
tie
tie
tie
tie
Alice
tie
tie
tie
Bob
tie
Bob
tie
tie
Alice
tie
tie
Alice
tie
tie
tie
tie
tie
Alice
tie
tie
tie
tie
tie
tie
tie
tie
tie
Bob
tie
Bob
tie
tie
tie
Bob
tie
Alice
tie
tie
tie
Alice
tie
tie
tie
tie
tie
Bob
tie
tie
tie
tie
tie
tie
tie
tie
tie
tie
tie
Bob
tie
Alice
tie
tie
Bob
tie
tie
tie
tie
tie
tie
Bob
tie
Bob
tie
tie
tie
tie
tie
tie
tie
tie
tie
tie
tie
tie
tie
tie
tie
Bob
tie
Bob
tie
tie
tie
tie
tie
Alice
tie
tie
Alice
Alice
tie
tie
tie
Alice
Bob
Bob
tie
tie
tie
tie
tie
tie
tie
Alice
tie
Alice
tie
Alice
tie
tie
tie
tie
tie
Bob
tie
tie
tie
tie
tie
Alice
tie
tie
tie
tie
Alice
tie
tie
tie
tie
tie
tie
tie
tie
Alice
Alice
tie
tie
Bob
tie
tie
tie
tie
tie
tie
tie
Alice
tie
tie
tie
Bob
tie
Bob
Alice
tie
tie
tie
tie
Bob
tie
tie
tie
tie
tie
Alice
tie
tie
tie
tie
tie
Alice
tie
tie
tie
Bob
tie
tie
tie
tie
tie
Alice
tie
tie
tie
tie
tie
tie
tie
tie
tie
tie
Bob
tie
tie
tie
tie
tie
tie
tie
tie
Bob
tie
tie
tie
tie
tie
Alice
tie
Alice
tie
tie
tie
tie
tie
tie
tie
Alice
tie
Alice
tie
